
Discarded input sections

 .text          0x00000000        0x0 common/built-in.o
 .text.mktime   0x00000000        0x0 common/built-in.o
 .text.blockdevice_unregister
                0x00000000        0x0 common/built-in.o
 .text.cfree    0x00000000        0x0 common/built-in.o
 .text.malloc_usable_size
                0x00000000        0x0 common/built-in.o
 .text.calloc   0x00000000        0x0 common/built-in.o
 .text.pvalloc  0x00000000        0x0 common/built-in.o
 .text.ndelay   0x00000000        0x0 common/built-in.o
 .text.fgetc    0x00000000        0x0 common/built-in.o
 .text.image_get_os_name
                0x00000000        0x0 common/built-in.o
 .text.image_get_arch_name
                0x00000000        0x0 common/built-in.o
 .text.image_get_type_name
                0x00000000        0x0 common/built-in.o
 .text.image_get_comp_name
                0x00000000        0x0 common/built-in.o
 .text.image_multi_count
                0x00000000        0x0 common/built-in.o
 .text.get_ram_size
                0x00000000        0x0 common/built-in.o
 .rodata.default_environment_size
                0x00000000        0x0 common/built-in.o
 .data          0x00000000        0x0 common/built-in.o
 .bss           0x00000000        0x0 common/built-in.o
 .text          0x00000000        0x0 drivers/built-in.o
 .text.mii_unregister
                0x00000000        0x0 drivers/built-in.o
 .text.handle_error
                0x00000000        0x0 drivers/built-in.o
 .text.r_mobile_serial_getc_check
                0x00000000        0x0 drivers/built-in.o
 .text.serial_raw_putc
                0x00000000        0x0 drivers/built-in.o
 .text.spi_sync
                0x00000000        0x0 drivers/built-in.o
 .text.spi_register_board_info
                0x00000000        0x0 drivers/built-in.o
 .text.spi_new_device
                0x00000000        0x0 drivers/built-in.o
 .text.spi_register_master
                0x00000000        0x0 drivers/built-in.o
 .data          0x00000000        0x0 drivers/built-in.o
 .data.board_list
                0x00000000        0x0 drivers/built-in.o
 .bss           0x00000000        0x0 drivers/built-in.o
 .text          0x00000000        0x0 commands/built-in.o
 .data          0x00000000        0x0 commands/built-in.o
 .bss           0x00000000        0x0 commands/built-in.o
 .text          0x00000000        0x0 lib/built-in.o
 .text.__rb_rotate_left
                0x00000000        0x0 lib/built-in.o
 .text.__rb_rotate_right
                0x00000000        0x0 lib/built-in.o
 .text.rb_insert_color
                0x00000000        0x0 lib/built-in.o
 .text.rb_erase
                0x00000000        0x0 lib/built-in.o
 .text.rb_first
                0x00000000        0x0 lib/built-in.o
 .text.rb_last  0x00000000        0x0 lib/built-in.o
 .text.rb_next  0x00000000        0x0 lib/built-in.o
 .text.rb_prev  0x00000000        0x0 lib/built-in.o
 .text.rb_replace_node
                0x00000000        0x0 lib/built-in.o
 .text.strlcpy  0x00000000        0x0 lib/built-in.o
 .text.strspn   0x00000000        0x0 lib/built-in.o
 .text.strpbrk  0x00000000        0x0 lib/built-in.o
 .text.strsep   0x00000000        0x0 lib/built-in.o
 .text.strswab  0x00000000        0x0 lib/built-in.o
 .text.bcopy    0x00000000        0x0 lib/built-in.o
 .text.memscan  0x00000000        0x0 lib/built-in.o
 .text._strstr  0x00000000        0x0 lib/built-in.o
 .text.memchr   0x00000000        0x0 lib/built-in.o
 .text.snprintf
                0x00000000        0x0 lib/built-in.o
 .text.vscnprintf
                0x00000000        0x0 lib/built-in.o
 .text.dev_add_child
                0x00000000        0x0 lib/built-in.o
 .text.generic_memmap_ro
                0x00000000        0x0 lib/built-in.o
 .text.dummy_probe
                0x00000000        0x0 lib/built-in.o
 .text.dev_protect
                0x00000000        0x0 lib/built-in.o
 .text.get_driver_by_name
                0x00000000        0x0 lib/built-in.o
 .text.dev_remove_parameters
                0x00000000        0x0 lib/built-in.o
 .text.dev_add_param_fixed
                0x00000000        0x0 lib/built-in.o
 .text.xstrdup  0x00000000        0x0 lib/built-in.o
 .text.kfifo_get
                0x00000000        0x0 lib/built-in.o
 .text.inflateSync
                0x00000000        0x0 lib/built-in.o
 .text.inflateIncomp
                0x00000000        0x0 lib/built-in.o
 .text.gunzip   0x00000000        0x0 lib/built-in.o
 .text.zfree    0x00000000        0x0 lib/built-in.o
 .text.zalloc   0x00000000        0x0 lib/built-in.o
 .text.crc32_no_comp
                0x00000000        0x0 lib/built-in.o
 .text.notifier_chain_register
                0x00000000        0x0 lib/built-in.o
 .text.notifier_chain_unregister
                0x00000000        0x0 lib/built-in.o
 .text.notifier_call_chain
                0x00000000        0x0 lib/built-in.o
 .text.clock_register_client
                0x00000000        0x0 lib/built-in.o
[...]
Memory Configuration

Name             Origin             Length             Attributes
*default*        0x00000000         0xffffffff

Linker script and memory map

                0xed0c1300                . = 0xed0c1300
                0xed0c1300                . = ALIGN (0x4)

.text           0xed0c1300    0x1bf90
                0xed0c1300                _stext = .
                0xed0c1300                _text = .
 *(.text_entry*)
 .text_entry    0xed0c1300       0x30 arch/arm/cpu/built-in.o
                0xed0c1300                exception_vectors
 *(.text_bare_init*)
 .text_bare_init.text
                0xed0c1330      0x15c arch/arm/cpu/built-in.o
                0xed0c1330                board_init_lowlevel_return
                0xed0c1390                reset
                0xed0c13c8                __mmu_cache_flush
 *(.text*)
 .text.static_get
                0xed0c148c       0x1c common/built-in.o
 .text.static_peek
                0xed0c14a8        0xc common/built-in.o
 .text.file_peek
                0xed0c14b4        0xc common/built-in.o
 .text.do_getopt
                0xed0c14c0        0x8 common/built-in.o
 .text.release_context
                0xed0c14c8       0x38 common/built-in.o
 .text.done_command
                0xed0c1500       0x8c common/built-in.o
 .text.initialize_context
                0xed0c158c       0x50 common/built-in.o
 .text.done_pipe
                0xed0c15dc       0x54 common/built-in.o
 .text.b_addchr
                0xed0c1630       0x78 common/built-in.o
 .text.b_addqchr
                0xed0c16a8       0x4c common/built-in.o
 .text.globhack
                0xed0c16f4      0x10c common/built-in.o
 .text.done_word
                0xed0c1800      0x290 common/built-in.o
 .text.parse_stream
                0xed0c1a90      0x4f8 common/built-in.o
 .text.free_pipe_list
                0xed0c1f88       0xbc common/built-in.o
 .text.insert_var_value
                0xed0c2044      0x178 common/built-in.o
 .text.set_local_var
                0xed0c21bc       0x64 common/built-in.o
 .text.execute_script
                0xed0c2220       0x34 common/built-in.o
 .text.run_list_real
                0xed0c2254      0x90c common/built-in.o
 .text.parse_stream_outer
                0xed0c2b60      0x294 common/built-in.o
 .text.parse_string_outer
                0xed0c2df4      0x100 common/built-in.o
 .text.source_script
                0xed0c2ef4       0x68 common/built-in.o
 .text.do_source
                0xed0c2f5c       0x24 common/built-in.o
 .text.run_command
                0xed0c2f80       0x34 common/built-in.o
                0xed0c2f80                run_command
 .text.run_shell
                0xed0c2fb4       0x60 common/built-in.o
                0xed0c2fb4                run_shell
 .text.do_sh    0xed0c3014       0x24 common/built-in.o
 .text.file_get
                0xed0c3038      0x194 common/built-in.o
 .text.GregorianDay
                0xed0c31cc       0xf0 common/built-in.o
                0xed0c31cc                GregorianDay
 .text.to_tm    0xed0c32bc      0x108 common/built-in.o
                0xed0c32bc                to_tm
 .text.envfs_load
                0xed0c33c4      0x26c common/built-in.o
                0xed0c33c4                envfs_load
 .text.envfs_save
                0xed0c3630      0x12c common/built-in.o
                0xed0c3630                envfs_save
 .text.file_size_action
                0xed0c375c       0x58 common/built-in.o
                0xed0c375c                file_size_action
 .text.file_save_action
                0xed0c37b4       0xf4 common/built-in.o
                0xed0c37b4                file_save_action
 .text.complete_reset
                0xed0c38a8       0x14 common/built-in.o
                0xed0c38a8                complete_reset
 .text.complete
                0xed0c38bc      0x34c common/built-in.o
                0xed0c38bc                complete
 .text.dev_lseek_default
                0xed0c3c08        0x8 common/built-in.o
 .text.writebuffer_flush
                0xed0c3c10       0x38 common/built-in.o
 .text.block_get
                0xed0c3c48       0xb8 common/built-in.o
 .text.block_close
                0xed0c3d00        0x8 common/built-in.o
 .text.block_flush
                0xed0c3d08        0x8 common/built-in.o
 .text.block_put
                0xed0c3d10       0xb8 common/built-in.o
 .text.block_write
                0xed0c3dc8      0x118 common/built-in.o
 .text.block_read
                0xed0c3ee0       0xfc common/built-in.o
 .text.blockdevice_register
                0xed0c3fdc       0x84 common/built-in.o
                0xed0c3fdc                blockdevice_register
 .text.mem_malloc_start
                0xed0c4060       0x10 common/built-in.o
                0xed0c4060                mem_malloc_start
 .text.mem_malloc_end
                0xed0c4070       0x10 common/built-in.o
                0xed0c4070                mem_malloc_end
 .text.mem_malloc_init
                0xed0c4080       0x28 common/built-in.o
                0xed0c4080                mem_malloc_init
 .text.sbrk     0xed0c40a8       0x68 common/built-in.o
                0xed0c40a8                sbrk
 .text.free     0xed0c4110      0x208 common/built-in.o
                0xed0c4110                free
 .text.malloc   0xed0c4318      0x5d0 common/built-in.o
                0xed0c4318                malloc
 .text.memalign
                0xed0c48e8      0x110 common/built-in.o
                0xed0c48e8                memalign
 .text.realloc  0xed0c49f8      0x2b0 common/built-in.o
                0xed0c49f8                realloc
 .text.get_time_ns
                0xed0c4ca8       0x78 common/built-in.o
                0xed0c4ca8                get_time_ns
 .text.is_timeout
                0xed0c4d20       0x30 common/built-in.o
                0xed0c4d20                is_timeout
 .text.udelay   0xed0c4d50       0x3c common/built-in.o
                0xed0c4d50                udelay
 .text.mdelay   0xed0c4d8c       0x40 common/built-in.o
                0xed0c4d8c                mdelay
 .text.init_clock
                0xed0c4dcc       0x14 common/built-in.o
                0xed0c4dcc                init_clock
 .text.clocksource_hz2mult
                0xed0c4de0       0x58 common/built-in.o
                0xed0c4de0                clocksource_hz2mult
 .text.barebox_banner
                0xed0c4e38       0x28 common/built-in.o
                0xed0c4e38                barebox_banner
 .text.do_exit  0xed0c4e60       0x30 common/built-in.o
 .text.find_cmd
                0xed0c4e90       0x88 common/built-in.o
                0xed0c4e90                find_cmd
 .text.compare  0xed0c4f18        0xc common/built-in.o
 .text.register_command
                0xed0c4f24       0xec common/built-in.o
                0xed0c4f24                register_command
 .text.init_command_list
                0xed0c5010       0x34 common/built-in.o
 .text.barebox_cmd_usage
                0xed0c5044       0x2c common/built-in.o
                0xed0c5044                barebox_cmd_usage
 .text.execute_command
                0xed0c5070       0x60 common/built-in.o
                0xed0c5070                execute_command
 .text.tstc_raw
                0xed0c50d0       0x5c common/built-in.o
 .text.tstc     0xed0c512c       0x34 common/built-in.o
                0xed0c512c                tstc
 .text.console_flush
                0xed0c5160       0x44 common/built-in.o
                0xed0c5160                console_flush
 .text.getc_buffer_flush
                0xed0c51a4       0x34 common/built-in.o
 .text.console_putc
                0xed0c51d8       0xa4 common/built-in.o
                0xed0c51d8                console_putc
 .text.console_puts
                0xed0c527c       0x48 common/built-in.o
                0xed0c527c                console_puts
 .text.vprintf  0xed0c52c4       0x44 common/built-in.o
                0xed0c52c4                vprintf
 .text.printf   0xed0c5308       0x58 common/built-in.o
                0xed0c5308                printf
 .text.fputs    0xed0c5360       0x4c common/built-in.o
                0xed0c5360                fputs
 .text.fprintf  0xed0c53ac       0x48 common/built-in.o
                0xed0c53ac                fprintf
 .text.fputc    0xed0c53f4       0x70 common/built-in.o
                0xed0c53f4                fputc
 .text.getc     0xed0c5464       0xf0 common/built-in.o
                0xed0c5464                getc
 .text.ctrlc    0xed0c5554       0x24 common/built-in.o
                0xed0c5554                ctrlc
 .text.console_register
                0xed0c5578      0x15c common/built-in.o
                0xed0c5578                console_register
 .text.console_std_set
                0xed0c56d4       0xec common/built-in.o
 .text.console_baudrate_set
                0xed0c57c0       0xcc common/built-in.o
 .text.get_current_context
                0xed0c588c       0x10 common/built-in.o
                0xed0c588c                get_current_context
 .text.var_name
                0xed0c589c        0x8 common/built-in.o
                0xed0c589c                var_name
 .text.var_val  0xed0c58a4       0x1c common/built-in.o
                0xed0c58a4                var_val
 .text.getenv_raw
                0xed0c58c0       0x44 common/built-in.o
 .text.env_push_context
                0xed0c5904       0x7c common/built-in.o
                0xed0c5904                env_push_context
 .text.setenv_raw
                0xed0c5980       0xc4 common/built-in.o
 .text.export   0xed0c5a44       0x58 common/built-in.o
                0xed0c5a44                export
 .text.env_pop_context
                0xed0c5a9c       0x70 common/built-in.o
                0xed0c5a9c                env_pop_context
 .text.setenv   0xed0c5b0c       0xd0 common/built-in.o
                0xed0c5b0c                setenv
 .text.getenv   0xed0c5bdc       0xb4 common/built-in.o
                0xed0c5bdc                getenv
 .text.image_multi_getimg
                0xed0c5c90       0x80 common/built-in.o
                0xed0c5c90                image_multi_getimg
 .text.image_print_size
                0xed0c5d10       0x24 common/built-in.o
                0xed0c5d10                image_print_size
 .text.image_print_contents
                0xed0c5d34      0x26c common/built-in.o
                0xed0c5d34                image_print_contents
 .text.register_default_env
                0xed0c5fa0       0x30 common/built-in.o
 .text.mount_root
                0xed0c5fd0       0x54 common/built-in.o
 .text.shutdown_barebox
                0xed0c6024       0x10 common/built-in.o
                0xed0c6024                shutdown_barebox
 .text.hang     0xed0c6034       0x14 common/built-in.o
                0xed0c6034                hang
 .text.start_barebox
                0xed0c6048      0x120 common/built-in.o
                0xed0c6048                start_barebox
 .text.strerror
                0xed0c6168      0x224 common/built-in.o
                0xed0c6168                strerror
 .text.errno_str
                0xed0c638c       0x14 common/built-in.o
                0xed0c638c                errno_str
 .text.perror   0xed0c63a0       0x24 common/built-in.o
                0xed0c63a0                perror
 .text.smc911x_eth_halt
                0xed0c63c4       0x14 drivers/built-in.o
 .text.smc911x_init
                0xed0c63d8       0x18 drivers/built-in.o
 .text.smc911x_mac_wait_busy
                0xed0c63f0       0x64 drivers/built-in.o
 .text.smc911x_set_mac_csr
                0xed0c6454       0x38 drivers/built-in.o
 .text.smc911x_set_ethaddr
                0xed0c648c       0x58 drivers/built-in.o
 .text.smc911x_get_mac_csr
                0xed0c64e4       0x34 drivers/built-in.o
 .text.smc911x_phy_write
                0xed0c6518       0x68 drivers/built-in.o
 .text.smc911x_phy_read
                0xed0c6580       0x60 drivers/built-in.o
 .text.smc911x_get_ethaddr
                0xed0c65e0       0x70 drivers/built-in.o
 .text.smc911x_eth_send
                0xed0c6650      0x11c drivers/built-in.o
 .text.smc911x_probe
                0xed0c676c      0x24c drivers/built-in.o
 .text.smc911x_eth_rx
                0xed0c69b8       0x8c drivers/built-in.o
 .text.smc911x_eth_open
                0xed0c6a44       0x5c drivers/built-in.o
 .text.smc911x_init_dev
                0xed0c6aa0       0x24 drivers/built-in.o
 .text.dev_lseek_default
                0xed0c6ac4        0x8 drivers/built-in.o
 .text.miidev_read
                0xed0c6acc       0x50 drivers/built-in.o
 .text.miidev_write
                0xed0c6b1c       0x50 drivers/built-in.o
 .text.miidev_init
                0xed0c6b6c       0x18 drivers/built-in.o
 .text.miidev_remove
                0xed0c6b84       0x1c drivers/built-in.o
 .text.miidev_probe
                0xed0c6ba0       0x4c drivers/built-in.o
 .text.mii_register
                0xed0c6bec       0x2c drivers/built-in.o
                0xed0c6bec                mii_register
 .text.miidev_print_status
                0xed0c6c18      0x10c drivers/built-in.o
                0xed0c6c18                miidev_print_status
 .text.miidev_wait_aneg
                0xed0c6d24       0x98 drivers/built-in.o
                0xed0c6d24                miidev_wait_aneg
 .text.miidev_restart_aneg
                0xed0c6dbc       0xfc drivers/built-in.o
                0xed0c6dbc                miidev_restart_aneg
 .text.r_mobile_serial_setbaudrate
                0xed0c6eb8       0x18 drivers/built-in.o
 .text.r_mobile_serial_putc
                0xed0c6ed0       0x64 drivers/built-in.o
 .text.r_mobile_serial_getc
                0xed0c6f34       0xb8 drivers/built-in.o
 .text.r_mobile_serial_tstc
                0xed0c6fec       0x18 drivers/built-in.o
 .text.r_mobile_serial_init
                0xed0c7004        0xc drivers/built-in.o
 .text.r_mobile_serial_probe
                0xed0c7010       0x84 drivers/built-in.o
 .text.atablk_read
                0xed0c7094       0x28 drivers/built-in.o
 .text.atablk_write
                0xed0c70bc       0x28 drivers/built-in.o
 .text.disk_init
                0xed0c70e4       0x18 drivers/built-in.o
 .text.dev_name
                0xed0c70fc        0x4 drivers/built-in.o
 .text.disk_probe
                0xed0c7100      0x790 drivers/built-in.o
 .text.mci_send_cmd
                0xed0c7890       0x18 drivers/built-in.o
 .text.mci_set_ios
                0xed0c78a8       0x24 drivers/built-in.o
 .text.mci_set_clock
                0xed0c78cc       0x24 drivers/built-in.o
 .text.mci_init
                0xed0c78f0       0x2c drivers/built-in.o
 .text.mci_info
                0xed0c791c      0x17c drivers/built-in.o
 .text.mci_sd_read
                0xed0c7a98      0x130 drivers/built-in.o
 .text.mci_register
                0xed0c7bc8       0x38 drivers/built-in.o
                0xed0c7bc8                mci_register
 .text.mci_go_idle
                0xed0c7c00       0x50 drivers/built-in.o
 .text.mci_sd_write
                0xed0c7c50      0x108 drivers/built-in.o
 .text.mci_card_probe
                0xed0c7d58      0xaf4 drivers/built-in.o
 .text.mci_probe
                0xed0c884c       0x84 drivers/built-in.o
 .text.mci_set_probe
                0xed0c88d0       0x64 drivers/built-in.o
 .text.r_mobile_mmcif_set_ios
                0xed0c8934       0xec drivers/built-in.o
 .text.r_mobile_mmcif_init
                0xed0c8a20        0x8 drivers/built-in.o
 .text.r_mobile_mmcif_init_driver
                0xed0c8a28       0x18 drivers/built-in.o
 .text.r_mobile_mmcif_probe
                0xed0c8a40       0xcc drivers/built-in.o
                0xed0c8a40                r_mobile_mmcif_probe
 .text.r_mobile_mmcif_wait_interrupt_flag
                0xed0c8b0c      0x190 drivers/built-in.o
 .text.r_mobile_mmcif_error_manage
                0xed0c8c9c       0xe4 drivers/built-in.o
 .text.r_mobile_mmcif_request
                0xed0c8d80      0x56c drivers/built-in.o
 .text.sdhi_error_manage
                0xed0c92ec       0xbc drivers/built-in.o
 .text.sdhi_get_response
                0xed0c93a8       0xf0 drivers/built-in.o
 .text.sdhi_init
                0xed0c9498        0x8 drivers/built-in.o
 .text.r_mobile_sdhi_init_drv
                0xed0c94a0       0x18 drivers/built-in.o
 .text.sdhi_mmc_probe
                0xed0c94b8       0xb4 drivers/built-in.o
                0xed0c94b8                sdhi_mmc_probe
 .text.sdhi_clock_control
                0xed0c956c       0xc8 drivers/built-in.o
 .text.sdhi_set_ios
                0xed0c9634       0x7c drivers/built-in.o
 .text.sdhi_wait_interrupt_flag
                0xed0c96b0      0x1d8 drivers/built-in.o
 .text.sdhi_request
                0xed0c9888      0x568 drivers/built-in.o
 .text.register_image_handler
                0xed0c9df0       0x28 commands/built-in.o
                0xed0c9df0                register_image_handler
 .text.initrd_register_image_handler
                0xed0c9e18       0x2c commands/built-in.o
 .text.bootimg_print_image_hdr
                0xed0c9e44       0xb4 commands/built-in.o
                0xed0c9e44                bootimg_print_image_hdr
 .text.read_padding
                0xed0c9ef8       0x40 commands/built-in.o
                0xed0c9ef8                read_padding
 .text.do_booti
                0xed0c9f38      0x2dc commands/built-in.o
 .text.puts     0xed0ca214        0xc commands/built-in.o
 .text.unmap_image
                0xed0ca220       0x28 commands/built-in.o
                0xed0ca220                unmap_image
 .text.map_image
                0xed0ca248      0x1b0 commands/built-in.o
                0xed0ca248                map_image
 .text.initrd_handler_parse_options
                0xed0ca3f8       0x48 commands/built-in.o
 .text.do_bootm
                0xed0ca440      0x1fc commands/built-in.o
 .text.relocate_image
                0xed0ca63c       0x60 commands/built-in.o
                0xed0ca63c                relocate_image
 .text.do_echo  0xed0ca69c      0x15c commands/built-in.o
 .text.dev_lseek_default
                0xed0ca7f8        0x8 commands/built-in.o
 .text.mem_init
                0xed0ca800       0x5c commands/built-in.o
 .text.mem_probe
                0xed0ca85c       0x44 commands/built-in.o
 .text.zero_init
                0xed0ca8a0       0x38 commands/built-in.o
 .text.zero_read
                0xed0ca8d8       0x1c commands/built-in.o
 .text.mem_parse_options
                0xed0ca8f4       0xb4 commands/built-in.o
 .text.open_and_lseek
                0xed0ca9a8       0x64 commands/built-in.o
 .text.do_memset
                0xed0caa0c      0x15c commands/built-in.o
 .text.do_mem_cp
                0xed0cab68      0x21c commands/built-in.o
 .text.do_mem_cmp
                0xed0cad84      0x268 commands/built-in.o
 .text.do_mem_mw
                0xed0cafec      0x190 commands/built-in.o
 .text.memory_display
                0xed0cb17c      0x168 commands/built-in.o
                0xed0cb17c                memory_display
 .text.do_mem_md
                0xed0cb2e4      0x174 commands/built-in.o
 .text.line_free
                0xed0cb458       0x1c commands/built-in.o
 .text.line_realloc
                0xed0cb474       0x44 commands/built-in.o
 .text.screenline
                0xed0cb4b8       0xc0 commands/built-in.o
 .text.refresh_line
                0xed0cb578       0x8c commands/built-in.o
 .text.refresh  0xed0cb604      0x138 commands/built-in.o
 .text.delete_char
                0xed0cb73c       0x5c commands/built-in.o
 .text.merge_line
                0xed0cb798       0x64 commands/built-in.o
 .text.do_edit  0xed0cb7fc      0x7dc commands/built-in.o
 .text.do_sleep
                0xed0cbfd8       0x78 commands/built-in.o
 .text.cmd_reset
                0xed0cc050        0xc commands/built-in.o
 .text.do_go    0xed0cc05c       0xcc commands/built-in.o
 .text.do_ethact
                0xed0cc128       0x74 commands/built-in.o
 .text.do_delpart
                0xed0cc19c       0x60 commands/built-in.o
 .text.do_addpart
                0xed0cc1fc      0x20c commands/built-in.o
 .text.ls_one   0xed0cc408       0x4c commands/built-in.o
 .text.ls       0xed0cc454      0x238 commands/built-in.o
                0xed0cc454                ls
 .text.do_ls    0xed0cc68c      0x1ec commands/built-in.o
 .text.do_cd    0xed0cc878       0x34 commands/built-in.o
 .text.do_pwd   0xed0cc8ac       0x20 commands/built-in.o
 .text.do_mkdir
                0xed0cc8cc       0xd4 commands/built-in.o
 .text.do_rmdir
                0xed0cc9a0       0x64 commands/built-in.o
 .text.do_cp    0xed0cca04      0x100 commands/built-in.o
 .text.do_rm    0xed0ccb04       0x64 commands/built-in.o
 .text.do_cat   0xed0ccb68      0x118 commands/built-in.o
 .text.do_mount
                0xed0ccc80       0x8c commands/built-in.o
 .text.do_umount
                0xed0ccd0c       0x34 commands/built-in.o
 .text.file_crc
                0xed0ccd40      0x144 commands/built-in.o
 .text.do_crc   0xed0cce84      0x1bc commands/built-in.o
 .text.do_clear
                0xed0cd040       0x18 commands/built-in.o
 .text.do_test  0xed0cd058      0x378 commands/built-in.o
 .text.do_timeout
                0xed0cd3d0      0x1d0 commands/built-in.o
 .text.do_readline
                0xed0cd5a0       0x68 commands/built-in.o
 .text.do_export
                0xed0cd608       0x7c commands/built-in.o
 .text.do_printenv
                0xed0cd684       0xfc commands/built-in.o
 .text.do_saveenv
                0xed0cd780      0x194 commands/built-in.o
 .text.do_loadenv
                0xed0cd914       0x50 commands/built-in.o
 .text.do_true  0xed0cd964        0x8 commands/built-in.o
 .text.do_false
                0xed0cd96c        0x8 commands/built-in.o
 .text.do_version
                0xed0cd974       0x20 commands/built-in.o
 .text.do_help  0xed0cd994       0x8c commands/built-in.o
 .text.do_set_stbchrb2
                0xed0cda20       0x5c commands/built-in.o
 .text.do_get_partition
                0xed0cda7c       0x44 commands/built-in.o
 .text.do_get_disk
                0xed0cdac0       0x3c commands/built-in.o
 .text.do_time  0xed0cdafc       0xf0 commands/built-in.o
 .text.size_human_readable
                0xed0cdbec       0xb4 lib/built-in.o
                0xed0cdbec                size_human_readable
 .text.strcpy   0xed0cdca0       0x1c lib/built-in.o
                0xed0cdca0                strcpy
 .text.strncpy  0xed0cdcbc       0x28 lib/built-in.o
                0xed0cdcbc                strncpy
 .text.strcat   0xed0cdce4       0x30 lib/built-in.o
                0xed0cdce4                strcat
 .text.strncat  0xed0cdd14       0x54 lib/built-in.o
                0xed0cdd14                strncat
 .text.strcmp   0xed0cdd68       0x30 lib/built-in.o
                0xed0cdd68                strcmp
 .text.strncmp  0xed0cdd98       0x48 lib/built-in.o
                0xed0cdd98                strncmp
 .text._strchr  0xed0cdde0       0x2c lib/built-in.o
                0xed0cdde0                _strchr
 .text._strrchr
                0xed0cde0c       0x3c lib/built-in.o
                0xed0cde0c                _strrchr
 .text.strlen   0xed0cde48       0x20 lib/built-in.o
                0xed0cde48                strlen
 .text.strnlen  0xed0cde68       0x34 lib/built-in.o
                0xed0cde68                strnlen
 .text.strtok   0xed0cde9c       0xc4 lib/built-in.o
                0xed0cde9c                strtok
 .text.memset   0xed0cdf60       0x20 lib/built-in.o
                0xed0cdf60                memset
 .text.memcpy   0xed0cdf80       0x24 lib/built-in.o
                0xed0cdf80                memcpy
 .text.memmove  0xed0cdfa4       0x5c lib/built-in.o
                0xed0cdfa4                memmove
 .text.memcmp   0xed0ce000       0x38 lib/built-in.o
                0xed0ce000                memcmp
 .text.strdup   0xed0ce038       0x58 lib/built-in.o
                0xed0ce038                strdup
 .text.simple_strtoul
                0xed0ce090       0xb0 lib/built-in.o
                0xed0ce090                simple_strtoul
 .text.simple_strtol
                0xed0ce140       0x28 lib/built-in.o
                0xed0ce140                simple_strtol
 .text.panic    0xed0ce168       0x3c lib/built-in.o
                0xed0ce168                panic
 .text.number   0xed0ce1a4      0x278 lib/built-in.o
 .text.vsnprintf
                0xed0ce41c      0x594 lib/built-in.o
                0xed0ce41c                vsnprintf
 .text.vasprintf
                0xed0ce9b0       0x50 lib/built-in.o
                0xed0ce9b0                vasprintf
 .text.asprintf
                0xed0cea00       0x28 lib/built-in.o
                0xed0cea00                asprintf
 .text.vsprintf
                0xed0cea28       0x10 lib/built-in.o
                0xed0cea28                vsprintf
 .text.sprintf  0xed0cea38       0x28 lib/built-in.o
                0xed0cea38                sprintf
 .text.__div64_32
                0xed0cea60       0xf8 lib/built-in.o
                0xed0cea60                __div64_32
 .text.strtoul_suffix
                0xed0ceb58       0x68 lib/built-in.o
                0xed0ceb58                strtoul_suffix
 .text.parse_area_spec
                0xed0cebc0       0xc0 lib/built-in.o
                0xed0cebc0                parse_area_spec
 .text.match    0xed0cec80       0x90 lib/built-in.o
 .text.unregister_device
                0xed0ced10       0xb4 lib/built-in.o
                0xed0ced10                unregister_device
 .text.noshortinfo
                0xed0cedc4        0x4 lib/built-in.o
 .text.register_driver
                0xed0cedc8       0xa0 lib/built-in.o
                0xed0cedc8                register_driver
 .text.generic_memmap_rw
                0xed0cee68       0x1c lib/built-in.o
                0xed0cee68                generic_memmap_rw
 .text.devices_shutdown
                0xed0cee84       0x48 lib/built-in.o
                0xed0cee84                devices_shutdown
 .text.dev_id   0xed0ceecc       0x2c lib/built-in.o
                0xed0ceecc                dev_id
 .text.do_devinfo_subtree
                0xed0ceef8      0x118 lib/built-in.o
 .text.noinfo   0xed0cf010       0x1c lib/built-in.o
 .text.get_free_deviceid
                0xed0cf02c       0x60 lib/built-in.o
                0xed0cf02c                get_free_deviceid
 .text.get_device_by_name
                0xed0cf08c       0x54 lib/built-in.o
                0xed0cf08c                get_device_by_name
 .text.do_devinfo
                0xed0cf0e0      0x174 lib/built-in.o
 .text.register_device
                0xed0cf254      0x128 lib/built-in.o
                0xed0cf254                register_device
 .text.platform_probe
                0xed0cf37c       0x14 lib/built-in.o
 .text.platform_remove
                0xed0cf390       0x14 lib/built-in.o
 .text.platform_match
                0xed0cf3a4       0x14 lib/built-in.o
 .text.param_get_generic
                0xed0cf3b8        0x8 lib/built-in.o
 .text.dev_param_set_generic
                0xed0cf3c0       0x3c lib/built-in.o
                0xed0cf3c0                dev_param_set_generic
 .text.__dev_add_param
                0xed0cf3fc       0x80 lib/built-in.o
 .text.dev_add_param
                0xed0cf47c       0x20 lib/built-in.o
                0xed0cf47c                dev_add_param
 .text.get_param_by_name
                0xed0cf49c       0x48 lib/built-in.o
                0xed0cf49c                get_param_by_name
 .text.dev_set_param
                0xed0cf4e4       0x6c lib/built-in.o
                0xed0cf4e4                dev_set_param
 .text.dev_set_param_ip
                0xed0cf550       0x34 lib/built-in.o
                0xed0cf550                dev_set_param_ip
 .text.dev_get_param
                0xed0cf584       0x40 lib/built-in.o
                0xed0cf584                dev_get_param
 .text.dev_get_param_ip
                0xed0cf5c4       0x20 lib/built-in.o
                0xed0cf5c4                dev_get_param_ip
 .text.xmemalign
                0xed0cf5e4       0x1c lib/built-in.o
                0xed0cf5e4                xmemalign
 .text.xrealloc
                0xed0cf600       0x1c lib/built-in.o
                0xed0cf600                xrealloc
 .text.xmalloc  0xed0cf61c       0x1c lib/built-in.o
                0xed0cf61c                xmalloc
 .text.xzalloc  0xed0cf638       0x24 lib/built-in.o
                0xed0cf638                xzalloc
 .text.getopt_reset
                0xed0cf65c       0x3c lib/built-in.o
                0xed0cf65c                getopt_reset
 .text.getopt   0xed0cf698      0x2b8 lib/built-in.o
                0xed0cf698                getopt
 .text.read_key
                0xed0cf950       0xb8 lib/built-in.o
                0xed0cf950                read_key
 .text.kfifo_putc
                0xed0cfa08       0x38 lib/built-in.o
                0xed0cfa08                kfifo_putc
 .text.kfifo_getc
                0xed0cfa40       0x48 lib/built-in.o
                0xed0cfa40                kfifo_getc
 .text.kfifo_put
                0xed0cfa88       0x70 lib/built-in.o
                0xed0cfa88                kfifo_put
 .text.kfifo_free
                0xed0cfaf8       0x1c lib/built-in.o
                0xed0cfaf8                kfifo_free
 .text.kfifo_init
                0xed0cfb14       0x30 lib/built-in.o
                0xed0cfb14                kfifo_init
 .text.kfifo_alloc
                0xed0cfb44       0x38 lib/built-in.o
                0xed0cfb44                kfifo_alloc
 .text.simple_itoa
                0xed0cfb7c       0x58 lib/built-in.o
                0xed0cfb7c                simple_itoa
 .text.safe_strncpy
                0xed0cfbd4       0x24 lib/built-in.o
                0xed0cfbd4                safe_strncpy
 .text.last_char_is
                0xed0cfbf8       0x3c lib/built-in.o
                0xed0cfbf8                last_char_is
 .text.execable_file
                0xed0cfc34       0x38 lib/built-in.o
                0xed0cfc34                execable_file
 .text.concat_path_file
                0xed0cfc6c       0x9c lib/built-in.o
                0xed0cfc6c                concat_path_file
 .text.find_execable
                0xed0cfd08       0x88 lib/built-in.o
                0xed0cfd08                find_execable
 .text.concat_subpath_file
                0xed0cfd90       0x40 lib/built-in.o
                0xed0cfd90                concat_subpath_file
 .text.basename
                0xed0cfdd0       0x54 lib/built-in.o
                0xed0cfdd0                basename
 .text.dirname  0xed0cfe24       0x60 lib/built-in.o
                0xed0cfe24                dirname
 .text.string_list_print_by_column
                0xed0cfe84       0xc8 lib/built-in.o
                0xed0cfe84                string_list_print_by_column
 .text.string_list_add
                0xed0cff4c       0x48 lib/built-in.o
                0xed0cff4c                string_list_add
 .text.true_action
                0xed0cff94        0x8 lib/built-in.o
 .text.recursive_action
                0xed0cff9c      0x194 lib/built-in.o
                0xed0cff9c                recursive_action
 .text.make_directory
                0xed0d0130       0x8c lib/built-in.o
                0xed0d0130                make_directory
 .text.falloc   0xed0d01bc       0x24 lib/built-in.o
 .text.ffree    0xed0d01e0        0x4 lib/built-in.o
 .text.inflate_trees_free
                0xed0d01e4       0x34 lib/built-in.o
 .text.huft_build
                0xed0d0218      0x5bc lib/built-in.o
 .text.inflate_blocks_reset
                0xed0d07d4       0xd0 lib/built-in.o
 .text.inflateEnd
                0xed0d08a4       0x94 lib/built-in.o
                0xed0d08a4                inflateEnd
 .text.inflateReset
                0xed0d0938       0x60 lib/built-in.o
                0xed0d0938                inflateReset
 .text.inflateInit2
                0xed0d0998      0x148 lib/built-in.o
                0xed0d0998                inflateInit2
 .text.inflateInit
                0xed0d0ae0        0x8 lib/built-in.o
                0xed0d0ae0                inflateInit
 .text.adler32  0xed0d0ae8      0x164 lib/built-in.o
                0xed0d0ae8                adler32
 .text.inflate_flush
                0xed0d0c4c      0x16c lib/built-in.o
 .text.inflate  0xed0d0db8     0x1c38 lib/built-in.o
                0xed0d0db8                inflate
 .text.crc32    0xed0d29f0      0x194 lib/built-in.o
                0xed0d29f0                crc32
 .text.hist_init
                0xed0d2b84       0x70 lib/built-in.o
 .text.putchar  0xed0d2bf4        0xc lib/built-in.o
 .text.cread_add_char
                0xed0d2c00       0xec lib/built-in.o
 .text.readline
                0xed0d2cec      0x65c lib/built-in.o
                0xed0d2cec                readline
 .text.globfree
                0xed0d3348       0x5c lib/built-in.o
                0xed0d3348                globfree
 .text.copy_file
                0xed0d33a4      0x114 lib/built-in.o
                0xed0d33a4                copy_file
 .text.rand     0xed0d34b8       0x2c lib/built-in.o
                0xed0d34b8                rand
 .text.srand    0xed0d34e4       0x10 lib/built-in.o
                0xed0d34e4                srand
 .text.get_random_bytes
                0xed0d34f4       0x2c lib/built-in.o
                0xed0d34f4                get_random_bytes
 .text.init_progression_bar
                0xed0d3520       0x50 lib/built-in.o
                0xed0d3520                init_progression_bar
 .text.show_progress
                0xed0d3570       0xe0 lib/built-in.o
                0xed0d3570                show_progress
 .text.dhcp_extended
                0xed0d3650      0x19c net/built-in.o
 .text.bootp_request
                0xed0d37ec      0x138 net/built-in.o
 .text.do_dhcp  0xed0d3924      0x108 net/built-in.o
 .text.dhcp_options_process
                0xed0d3a2c      0x1f8 net/built-in.o
 .text.bootp_copy_net_params
                0xed0d3c24       0x6c net/built-in.o
 .text.dhcp_handler
                0xed0d3c90      0x2c4 net/built-in.o
 .text.eth_get_current
                0xed0d3f54       0x10 net/built-in.o
                0xed0d3f54                eth_get_current
 .text.eth_send
                0xed0d3f64       0x70 net/built-in.o
                0xed0d3f64                eth_send
 .text.eth_rx   0xed0d3fd4       0x60 net/built-in.o
                0xed0d3fd4                eth_rx
 .text.led_trigger_network
                0xed0d4034        0x4 net/built-in.o
                0xed0d4034                led_trigger_network
 .text.eth_set_current
                0xed0d4038       0x50 net/built-in.o
                0xed0d4038                eth_set_current
 .text.eth_register
                0xed0d4088      0x1e8 net/built-in.o
                0xed0d4088                eth_register
 .text.eth_set_ethaddr
                0xed0d4270       0x84 net/built-in.o
 .text.eth_set_ipaddr
                0xed0d42f4       0x68 net/built-in.o
 .text.eth_get_byname
                0xed0d435c       0x74 net/built-in.o
                0xed0d435c                eth_get_byname
 .text.net_checksum
                0xed0d43d0       0x4c net/built-in.o
                0xed0d43d0                net_checksum
 .text.net_checksum_ok
                0xed0d441c       0x10 net/built-in.o
                0xed0d441c                net_checksum_ok
 .text.net_get_serverip
                0xed0d442c       0x10 net/built-in.o
                0xed0d442c                net_get_serverip
 .text.net_get_ip
                0xed0d443c       0x10 net/built-in.o
                0xed0d443c                net_get_ip
 .text.net_init
                0xed0d444c       0x34 net/built-in.o
 .text.net_ip_send
                0xed0d4480       0x9c net/built-in.o
 .text.net_icmp_send
                0xed0d451c       0x40 net/built-in.o
                0xed0d451c                net_icmp_send
 .text.net_udp_send
                0xed0d455c       0x38 net/built-in.o
                0xed0d455c                net_udp_send
 .text.net_receive
                0xed0d4594      0x3a8 net/built-in.o
                0xed0d4594                net_receive
 .text.net_unregister
                0xed0d493c       0x44 net/built-in.o
                0xed0d493c                net_unregister
 .text.net_set_gateway
                0xed0d4980       0x30 net/built-in.o
                0xed0d4980                net_set_gateway
 .text.net_set_netmask
                0xed0d49b0       0x30 net/built-in.o
                0xed0d49b0                net_set_netmask
 .text.net_set_ip
                0xed0d49e0       0x30 net/built-in.o
                0xed0d49e0                net_set_ip
 .text.net_set_serverip
                0xed0d4a10       0x30 net/built-in.o
                0xed0d4a10                net_set_serverip
 .text.net_poll
                0xed0d4a40        0x4 net/built-in.o
                0xed0d4a40                net_poll
 .text.ethaddr_to_string
                0xed0d4a44       0x44 net/built-in.o
                0xed0d4a44                ethaddr_to_string
 .text.net_new  0xed0d4a88      0x3fc net/built-in.o
 .text.net_icmp_new
                0xed0d4e84       0x20 net/built-in.o
                0xed0d4e84                net_icmp_new
 .text.net_udp_new
                0xed0d4ea4       0x90 net/built-in.o
                0xed0d4ea4                net_udp_new
 .text.ip_to_string
                0xed0d4f34       0x3c net/built-in.o
                0xed0d4f34                ip_to_string
 .text.string_to_ethaddr
                0xed0d4f70       0x98 net/built-in.o
                0xed0d4f70                string_to_ethaddr
 .text.string_to_ip
                0xed0d5008       0x8c net/built-in.o
                0xed0d5008                string_to_ip
 .text.print_IPaddr
                0xed0d5094       0x20 net/built-in.o
                0xed0d5094                print_IPaddr
 .text.setenv_ip
                0xed0d50b4       0x34 net/built-in.o
                0xed0d50b4                setenv_ip
 .text.net_update_env
                0xed0d50e8       0x9c net/built-in.o
                0xed0d50e8                net_update_env
 .text.rpc_add_credentials
                0xed0d5184       0x58 net/built-in.o
 .text.rpc_check_reply
                0xed0d51dc       0xa8 net/built-in.o
 .text.rpc_lookup_reply
                0xed0d5284       0x78 net/built-in.o
 .text.rpc_req  0xed0d52fc       0xf0 net/built-in.o
 .text.rpc_lookup_req
                0xed0d53ec       0x58 net/built-in.o
 .text.nfs_umountall_req
                0xed0d5444       0x4c net/built-in.o
 .text.nfs_mount_req
                0xed0d5490       0x94 net/built-in.o
 .text.nfs_send
                0xed0d5524      0x1d4 net/built-in.o
 .text.do_nfs   0xed0d56f8      0x1e4 net/built-in.o
 .text.nfs_handler
                0xed0d58dc      0x300 net/built-in.o
 .text.tftp_send
                0xed0d5bdc      0x1e0 net/built-in.o
 .text.do_tftpb
                0xed0d5dbc      0x2cc net/built-in.o
 .text.tftp_handler
                0xed0d6088      0x2f8 net/built-in.o
 .text.ping_handler
                0xed0d6380       0x3c net/built-in.o
 .text.ping_send
                0xed0d63bc       0x9c net/built-in.o
 .text.do_ping  0xed0d6458      0x164 net/built-in.o
 .text.netconsole_init
                0xed0d65bc       0xd0 net/built-in.o
 .text.nc_init  0xed0d668c       0x78 net/built-in.o
 .text.nc_port_set
                0xed0d6704       0x84 net/built-in.o
 .text.nc_handler
                0xed0d6788       0x34 net/built-in.o
 .text.nc_remoteip_set
                0xed0d67bc       0x68 net/built-in.o
 .text.nc_tstc  0xed0d6824       0x48 net/built-in.o
 .text.nc_getc  0xed0d686c       0x34 net/built-in.o
 .text.nc_putc  0xed0d68a0       0x48 net/built-in.o
 .text.cramfs_lseek
                0xed0d68e8        0xc fs/built-in.o
 .text.cramfs_init
                0xed0d68f4        0xc fs/built-in.o
 .text.cramfs_remove
                0xed0d6900       0x18 fs/built-in.o
 .text.cramfs_closedir
                0xed0d6918       0x14 fs/built-in.o
 .text.cramfs_close
                0xed0d692c       0x20 fs/built-in.o
 .text.cramfs_get_inode
                0xed0d694c       0x54 fs/built-in.o
 .text.cramfs_probe
                0xed0d69a0      0x18c fs/built-in.o
 .text.cramfs_resolve
                0xed0d6b2c      0x168 fs/built-in.o
 .text.cramfs_stat
                0xed0d6c94       0x8c fs/built-in.o
 .text.cramfs_readdir
                0xed0d6d20       0xa0 fs/built-in.o
 .text.cramfs_open
                0xed0d6dc0       0xb4 fs/built-in.o
 .text.cramfs_opendir
                0xed0d6e74      0x110 fs/built-in.o
 .text.cramfs_read
                0xed0d6f84      0x140 fs/built-in.o
 .text.cramfs_uncompress_exit
                0xed0d70c4       0x18 fs/built-in.o
                0xed0d70c4                cramfs_uncompress_exit
 .text.cramfs_uncompress_init
                0xed0d70dc       0x5c fs/built-in.o
                0xed0d70dc                cramfs_uncompress_init
 .text.zfree    0xed0d7138        0x8 fs/built-in.o
 .text.zalloc   0xed0d7140       0x10 fs/built-in.o
 .text.cramfs_uncompress_block
                0xed0d7150       0x4c fs/built-in.o
                0xed0d7150                cramfs_uncompress_block
 .text.ramfs_close
                0xed0d719c        0x8 fs/built-in.o
 .text.ramfs_lseek
                0xed0d71a4        0xc fs/built-in.o
 .text.ramfs_init
                0xed0d71b0        0xc fs/built-in.o
 .text.ramfs_remove
                0xed0d71bc        0x8 fs/built-in.o
 .text.ramfs_closedir
                0xed0d71c4       0x14 fs/built-in.o
 .text.ramfs_put_chunk
                0xed0d71d8       0x30 fs/built-in.o
 .text.ramfs_put_inode
                0xed0d7208       0x34 fs/built-in.o
 .text.ramfs_get_inode
                0xed0d723c        0x8 fs/built-in.o
 .text.ramfs_probe
                0xed0d7244       0x90 fs/built-in.o
 .text.rlookup  0xed0d72d4       0x88 fs/built-in.o
 .text.ramfs_stat
                0xed0d735c       0x30 fs/built-in.o
 .text.ramfs_open
                0xed0d738c       0x30 fs/built-in.o
 .text.ramfs_readdir
                0xed0d73bc       0x38 fs/built-in.o
 .text.ramfs_opendir
                0xed0d73f4       0x40 fs/built-in.o
 .text.ramfs_write
                0xed0d7434       0xcc fs/built-in.o
 .text.ramfs_read
                0xed0d7500       0xcc fs/built-in.o
 .text.ramfs_get_chunk
                0xed0d75cc       0x60 fs/built-in.o
 .text.ramfs_truncate
                0xed0d762c       0xe0 fs/built-in.o
 .text.rlookup_parent
                0xed0d770c       0x88 fs/built-in.o
 .text.ramfs_unlink
                0xed0d7794       0x64 fs/built-in.o
 .text.ramfs_create
                0xed0d77f8       0xbc fs/built-in.o
 .text.ramfs_mkdir
                0xed0d78b4        0x8 fs/built-in.o
 .text.ramfs_rmdir
                0xed0d78bc       0x78 fs/built-in.o
 .text.cdev_close
                0xed0d7934       0x1c fs/built-in.o
                0xed0d7934                cdev_close
 .text.cdev_read
                0xed0d7950       0x34 fs/built-in.o
                0xed0d7950                cdev_read
 .text.cdev_write
                0xed0d7984       0x34 fs/built-in.o
                0xed0d7984                cdev_write
 .text.cdev_flush
                0xed0d79b8       0x20 fs/built-in.o
                0xed0d79b8                cdev_flush
 .text.cdev_ioctl
                0xed0d79d8       0xe0 fs/built-in.o
                0xed0d79d8                cdev_ioctl
 .text.devfs_remove
                0xed0d7ab8       0x68 fs/built-in.o
                0xed0d7ab8                devfs_remove
 .text.cdev_by_name
                0xed0d7b20       0x50 fs/built-in.o
                0xed0d7b20                cdev_by_name
 .text.devfs_del_partition
                0xed0d7b70       0xac fs/built-in.o
                0xed0d7b70                devfs_del_partition
 .text.devfs_create
                0xed0d7c1c       0x68 fs/built-in.o
                0xed0d7c1c                devfs_create
 .text.devfs_add_partition
                0xed0d7c84       0xac fs/built-in.o
                0xed0d7c84                devfs_add_partition
 .text.cdev_open
                0xed0d7d30       0x34 fs/built-in.o
                0xed0d7d30                cdev_open
 .text.devfs_lseek
                0xed0d7d64       0x48 fs/built-in.o
 .text.devfs_erase
                0xed0d7dac       0x30 fs/built-in.o
 .text.devfs_protect
                0xed0d7ddc       0x38 fs/built-in.o
 .text.devfs_memmap
                0xed0d7e14       0x48 fs/built-in.o
 .text.devfs_close
                0xed0d7e5c       0x3c fs/built-in.o
 .text.devfs_flush
                0xed0d7e98       0x24 fs/built-in.o
 .text.devfs_truncate
                0xed0d7ebc       0x18 fs/built-in.o
 .text.devfs_probe
                0xed0d7ed4        0x8 fs/built-in.o
 .text.devfs_delete
                0xed0d7edc        0x4 fs/built-in.o
 .text.devfs_init
                0xed0d7ee0        0xc fs/built-in.o
 .text.devfs_ioctl
                0xed0d7eec       0x10 fs/built-in.o
 .text.devfs_stat
                0xed0d7efc       0x60 fs/built-in.o
 .text.devfs_open
                0xed0d7f5c       0x58 fs/built-in.o
 .text.devfs_closedir
                0xed0d7fb4       0x14 fs/built-in.o
 .text.devfs_readdir
                0xed0d7fc8       0x54 fs/built-in.o
 .text.devfs_opendir
                0xed0d801c       0x28 fs/built-in.o
 .text.devfs_write
                0xed0d8044       0x28 fs/built-in.o
 .text.devfs_read
                0xed0d806c       0x28 fs/built-in.o
 .text.gen_numname
                0xed0d8094       0xd4 fs/built-in.o
                0xed0d8094                gen_numname
 .text.get_fileinfo
                0xed0d8168      0x1ac fs/built-in.o
 .text.move_window
                0xed0d8314      0x11c fs/built-in.o
 .text.put_fat  0xed0d8430      0x184 fs/built-in.o
                0xed0d8430                put_fat
 .text.get_fat  0xed0d85b4      0x134 fs/built-in.o
                0xed0d85b4                get_fat
 .text.dir_sdi  0xed0d86e8      0x114 fs/built-in.o
 .text.create_chain
                0xed0d87fc      0x120 fs/built-in.o
 .text.remove_chain
                0xed0d891c       0xa8 fs/built-in.o
 .text.f_truncate
                0xed0d89c4       0xc4 fs/built-in.o
                0xed0d89c4                f_truncate
 .text.dir_next
                0xed0d8a88      0x1c8 fs/built-in.o
 .text.dir_find
                0xed0d8c50      0x200 fs/built-in.o
 .text.follow_path
                0xed0d8e50      0x3cc fs/built-in.o
 .text.f_stat   0xed0d921c       0x60 fs/built-in.o
                0xed0d921c                f_stat
 .text.f_opendir
                0xed0d927c       0x84 fs/built-in.o
                0xed0d927c                f_opendir
 .text.dir_register
                0xed0d9300      0x2fc fs/built-in.o
 .text.dir_remove
                0xed0d95fc       0x8c fs/built-in.o
 .text.dir_read
                0xed0d9688      0x1c0 fs/built-in.o
 .text.f_readdir
                0xed0d9848       0x6c fs/built-in.o
                0xed0d9848                f_readdir
 .text.f_mount  0xed0d98b4      0x370 fs/built-in.o
                0xed0d98b4                f_mount
 .text.f_lseek  0xed0d9c24      0x250 fs/built-in.o
                0xed0d9c24                f_lseek
 .text.f_read   0xed0d9e74      0x214 fs/built-in.o
                0xed0d9e74                f_read
 .text.sync     0xed0da088      0x10c fs/built-in.o
 .text.f_unlink
                0xed0da194      0x120 fs/built-in.o
                0xed0da194                f_unlink
 .text.f_mkdir  0xed0da2b4      0x298 fs/built-in.o
                0xed0da2b4                f_mkdir
 .text.f_open   0xed0da54c      0x224 fs/built-in.o
                0xed0da54c                f_open
 .text.f_sync   0xed0da770      0x1c8 fs/built-in.o
                0xed0da770                f_sync
 .text.f_close  0xed0da938       0x18 fs/built-in.o
                0xed0da938                f_close
 .text.f_write  0xed0da950      0x278 fs/built-in.o
                0xed0da950                f_write
 .text.get_fattime
                0xed0dabc8        0x8 fs/built-in.o
                0xed0dabc8                get_fattime
 .text.disk_ioctl
                0xed0dabd0        0x8 fs/built-in.o
                0xed0dabd0                disk_ioctl
 .text.ff_convert
                0xed0dabd8        0xc fs/built-in.o
                0xed0dabd8                ff_convert
 .text.ff_wtoupper
                0xed0dabe4       0x2c fs/built-in.o
                0xed0dabe4                ff_wtoupper
 .text.fat_init
                0xed0dac10        0xc fs/built-in.o
 .text.fat_remove
                0xed0dac1c       0x20 fs/built-in.o
 .text.fat_closedir
                0xed0dac3c       0x20 fs/built-in.o
 .text.fat_probe
                0xed0dac5c       0x6c fs/built-in.o
 .text.fat_stat
                0xed0dacc8       0x50 fs/built-in.o
 .text.fat_readdir
                0xed0dad18       0x7c fs/built-in.o
 .text.fat_opendir
                0xed0dad94       0x54 fs/built-in.o
 .text.fat_lseek
                0xed0dade8       0x20 fs/built-in.o
 .text.fat_write
                0xed0dae08       0x30 fs/built-in.o
 .text.fat_read
                0xed0dae38       0x24 fs/built-in.o
 .text.fat_close
                0xed0dae5c       0x2c fs/built-in.o
 .text.fat_open
                0xed0dae88       0x90 fs/built-in.o
 .text.fat_create
                0xed0daf18       0x44 fs/built-in.o
 .text.fat_truncate
                0xed0daf5c       0x40 fs/built-in.o
 .text.fat_unlink
                0xed0daf9c       0x28 fs/built-in.o
 .text.fat_rmdir
                0xed0dafc4       0x28 fs/built-in.o
 .text.fat_mkdir
                0xed0dafec       0x28 fs/built-in.o
 .text.disk_write
                0xed0db014       0x30 fs/built-in.o
                0xed0db014                disk_write
 .text.disk_read
                0xed0db044       0x30 fs/built-in.o
                0xed0db044                disk_read
 .text.mkmodestr
                0xed0db074      0x11c fs/built-in.o
                0xed0db074                mkmodestr
 .text.mtab_next_entry
                0xed0db190       0x18 fs/built-in.o
                0xed0db190                mtab_next_entry
 .text.getcwd   0xed0db1a8       0x10 fs/built-in.o
                0xed0db1a8                getcwd
 .text.read     0xed0db1b8       0x98 fs/built-in.o
                0xed0db1b8                read
 .text.write    0xed0db250       0xec fs/built-in.o
                0xed0db250                write
 .text.lseek    0xed0db33c       0xe0 fs/built-in.o
                0xed0db33c                lseek
 .text.erase    0xed0db41c       0x98 fs/built-in.o
                0xed0db41c                erase
 .text.protect  0xed0db4b4       0xa0 fs/built-in.o
                0xed0db4b4                protect
 .text.memmap   0xed0db554       0x88 fs/built-in.o
                0xed0db554                memmap
 .text.close    0xed0db5dc       0x7c fs/built-in.o
                0xed0db5dc                close
 .text.readdir  0xed0db658       0x20 fs/built-in.o
                0xed0db658                readdir
 .text.closedir
                0xed0db678       0x38 fs/built-in.o
                0xed0db678                closedir
 .text.init_cwd
                0xed0db6b0       0x2c fs/built-in.o
 .text.memcpy_sz
                0xed0db6dc       0x7c fs/built-in.o
 .text.mem_write
                0xed0db758       0x48 fs/built-in.o
                0xed0db758                mem_write
 .text.mem_read
                0xed0db7a0       0x4c fs/built-in.o
                0xed0db7a0                mem_read
 .text.get_mtab_entry_by_path
                0xed0db7ec       0x84 fs/built-in.o
                0xed0db7ec                get_mtab_entry_by_path
 .text.get_fs_device_by_path
                0xed0db870       0x48 fs/built-in.o
 .text.register_fs_driver
                0xed0db8b8       0x38 fs/built-in.o
                0xed0db8b8                register_fs_driver
 .text.normalise_path
                0xed0db8f0      0x148 fs/built-in.o
                0xed0db8f0                normalise_path
 .text.stat     0xed0dba38       0xd4 fs/built-in.o
                0xed0dba38                stat
 .text.opendir  0xed0dbb0c       0x70 fs/built-in.o
                0xed0dbb0c                opendir
 .text.path_check_prereq
                0xed0dbb7c      0x114 fs/built-in.o
 .text.rmdir    0xed0dbc90       0x80 fs/built-in.o
                0xed0dbc90                rmdir
 .text.mkdir    0xed0dbd10       0x7c fs/built-in.o
                0xed0dbd10                mkdir
 .text.umount   0xed0dbd8c       0xac fs/built-in.o
                0xed0dbd8c                umount
 .text.mount    0xed0dbe38      0x248 fs/built-in.o
                0xed0dbe38                mount
 .text.open     0xed0dc080      0x1f8 fs/built-in.o
                0xed0dc080                open
 .text.read_file
                0xed0dc278       0x98 fs/built-in.o
                0xed0dc278                read_file
 .text.unlink   0xed0dc310       0x7c fs/built-in.o
                0xed0dc310                unlink
 .text.chdir    0xed0dc38c       0x54 fs/built-in.o
                0xed0dc38c                chdir
 .text          0xed0dc3e0       0x40 arch/arm/boards/kotaevm/built-in.o
                0xed0dc3e0                board_init_lowlevel
 .text.kota_console_init
                0xed0dc420        0xc arch/arm/boards/kotaevm/built-in.o
 .text.kotaevm_init_devices
                0xed0dc42c       0x60 arch/arm/boards/kotaevm/built-in.o
 .text.register_env_partition
                0xed0dc48c       0x68 arch/arm/boards/kotaevm/built-in.o
 .text.r_mobile_cmt_clocksource_read
                0xed0dc4f4       0x14 arch/arm/mach-kotaevm/built-in.o
                0xed0dc4f4                r_mobile_cmt_clocksource_read
 .text.clocksource_init
                0xed0dc508       0x88 arch/arm/mach-kotaevm/built-in.o
 .text.cpu_info
                0xed0dc590       0x30 arch/arm/mach-kotaevm/built-in.o
 .text.reset_cpu
                0xed0dc5c0       0x28 arch/arm/mach-kotaevm/built-in.o
                0xed0dc5c0                reset_cpu
 .text          0xed0dc5e8      0x354 arch/arm/lib/built-in.o
                0xed0dc904                __ashldi3
                0xed0dc920                __aeabi_llsr
                0xed0dc5e8                __udivsi3
                0xed0dc920                __lshrdi3
                0xed0dc684                __umodsi3
                0xed0dc724                __aeabi_idiv
                0xed0dc8e8                __ashrdi3
                0xed0dc8e8                __aeabi_lasr
                0xed0dc5e8                __aeabi_uidiv
                0xed0dc724                __divsi3
                0xed0dc904                __aeabi_llsl
                0xed0dc8a8                __aeabi_uidivmod
                0xed0dc7f0                __modsi3
                0xed0dc8c0                __aeabi_idivmod
 .text.armlinux_set_bootparams
                0xed0dc93c       0x10 arch/arm/lib/built-in.o
                0xed0dc93c                armlinux_set_bootparams
 .text.armlinux_set_architecture
                0xed0dc94c       0x10 arch/arm/lib/built-in.o
                0xed0dc94c                armlinux_set_architecture
 .text.armlinux_set_revision
                0xed0dc95c       0x10 arch/arm/lib/built-in.o
                0xed0dc95c                armlinux_set_revision
 .text.setup_commandline_tag
                0xed0dc96c       0x7c arch/arm/lib/built-in.o
 .text.do_booti_linux
                0xed0dc9e8      0x1f4 arch/arm/lib/built-in.o
                0xed0dc9e8                do_booti_linux
 .text.start_linux
                0xed0dcbdc      0x204 arch/arm/lib/built-in.o
                0xed0dcbdc                start_linux
 .text.armlinux_add_dram
                0xed0dcde0       0x34 arch/arm/lib/built-in.o
                0xed0dcde0                armlinux_add_dram
 .text.armlinux_register_image_handler
                0xed0dce14        0xc arch/arm/lib/built-in.o
 .text.do_bootm_linux
                0xed0dce20       0xb0 arch/arm/lib/built-in.o
 .text.image_handle_cmdline_parse
                0xed0dced0       0x4c arch/arm/lib/built-in.o
 .text.do_bootz
                0xed0dcf1c      0x118 arch/arm/lib/built-in.o
 .text.do_bootu
                0xed0dd034       0x60 arch/arm/lib/built-in.o
 .text.__div0   0xed0dd094        0x8 arch/arm/lib/built-in.o
                0xed0dd094                __div0
 .text.arm_mem_malloc_init
                0xed0dd09c       0x20 arch/arm/lib/built-in.o
 .text          0xed0dd0bc       0x4c arch/arm/cpu/built-in.o
                0xed0dd0bc                __mmu_cache_on
                0xed0dd0e0                __mmu_cache_off
 .text.arch_shutdown
                0xed0dd108       0x10 arch/arm/cpu/built-in.o
                0xed0dd108                arch_shutdown
 .text.decode_cache
                0xed0dd118       0x4c arch/arm/cpu/built-in.o
 .text.do_cpuinfo
                0xed0dd164      0x12c arch/arm/cpu/built-in.o

.glue_7         0xed0dd290        0x0
 .glue_7        0x00000000        0x0 linker stubs

.glue_7t        0xed0dd290        0x0
 .glue_7t       0x00000000        0x0 linker stubs

.vfp11_veneer   0xed0dd290        0x0
 .vfp11_veneer  0x00000000        0x0 linker stubs

.v4_bx          0xed0dd290        0x0
 .v4_bx         0x00000000        0x0 linker stubs
                0xed0dd290                . = ALIGN (0x4)

.rodata         0xed0dd290     0x3dec
 *(.rodata*)
 .rodata.cmd_source_usage
                0xed0dd290       0x34 common/built-in.o
 .rodata.str1.1
                0xed0dd2c4      0x82d common/built-in.o
                                0x89e (size before relaxing)
 *fill*         0xed0ddaf1        0x3 00
 .rodata.C.12.2138
                0xed0ddaf4       0x30 common/built-in.o
 .rodata.version_string
                0xed0ddb24       0x2c common/built-in.o
                0xed0ddb24                version_string
 .rodata.default_environment
                0xed0ddb50      0xe84 common/built-in.o
                0xed0ddb50                default_environment
 .rodata.__FUNCTION__.2909
                0xed0de9d4       0x18 drivers/built-in.o
 .rodata.str1.1
                0xed0de9ec      0x81e drivers/built-in.o
                                0x864 (size before relaxing)
 *fill*         0xed0df20a        0x2 00
 .rodata.chip_ids
                0xed0df20c       0x58 drivers/built-in.o
 .rodata.C.15.2281
                0xed0df264       0x10 drivers/built-in.o
 .rodata.tran_speed_unit
                0xed0df274       0x10 drivers/built-in.o
 .rodata.tran_speed_time
                0xed0df284       0x10 drivers/built-in.o
 .rodata.CSWTCH.42
                0xed0df294       0x78 drivers/built-in.o
 .rodata.CSWTCH.45
                0xed0df30c       0x1c drivers/built-in.o
 .rodata.__func__.2339
                0xed0df328       0x1c drivers/built-in.o
 .rodata.__func__.2411
                0xed0df344       0x1c drivers/built-in.o
 .rodata.__func__.2374
                0xed0df360       0x1c drivers/built-in.o
 .rodata.__func__.2391
                0xed0df37c       0x10 drivers/built-in.o
 .rodata.__func__.2352
                0xed0df38c       0x14 drivers/built-in.o
 .rodata.__func__.2427
                0xed0df3a0       0x14 drivers/built-in.o
 .rodata.str1.1
                0xed0df3b4      0xd49 commands/built-in.o
                                0xe1d (size before relaxing)
 *fill*         0xed0e00fd        0x3 00
 .rodata.DEVMEM
                0xed0e0100        0x4 commands/built-in.o
 .rodata.__FUNCTION__.2889
                0xed0e0104        0xc commands/built-in.o
 .rodata.cmd_test_usage
                0xed0e0110       0x1c commands/built-in.o
 .rodata.str1.1
                0xed0e012c      0x461 lib/built-in.o
                                0x4d3 (size before relaxing)
 *fill*         0xed0e058d        0x3 00
 .rodata.digits.2326
                0xed0e0590       0x10 lib/built-in.o
 .rodata.esccmds
                0xed0e05a0       0x90 lib/built-in.o
 .rodata.inflate_mask
                0xed0e0630       0x44 lib/built-in.o
 .rodata.border
                0xed0e0674       0x4c lib/built-in.o
 .rodata.p.2092
                0xed0e06c0       0x10 lib/built-in.o
 .rodata.str1.1
                0xed0e06d0      0x313 net/built-in.o
                                0x371 (size before relaxing)
 .rodata.str1.1
                0xed0e09e3      0x166 fs/built-in.o
                                0x1a1 (size before relaxing)
 *fill*         0xed0e0b49        0x3 00
 .rodata.LfnOfs
                0xed0e0b4c       0x10 fs/built-in.o
 .rodata.excvt.3420
                0xed0e0b5c       0x80 fs/built-in.o
 .rodata.CSWTCH.47
                0xed0e0bdc        0xc fs/built-in.o
 .rodata.l.2429
                0xed0e0be8        0x4 fs/built-in.o
 .rodata.str1.1
                0xed0e0bec       0x65 arch/arm/boards/kotaevm/built-in.o
                                 0x6a (size before relaxing)
 .rodata.str1.1
                0xed0e0c51       0x16 arch/arm/mach-kotaevm/built-in.o
 .rodata.str1.1
                0xed0e0c67      0x1a8 arch/arm/lib/built-in.o
                                0x1ae (size before relaxing)
 .rodata.str1.1
                0xed0e0e0f      0x13b arch/arm/cpu/built-in.o
                                0x167 (size before relaxing)
 *fill*         0xed0e0f4a        0x2 00
 .rodata.CSWTCH.15
                0xed0e0f4c       0xa8 arch/arm/cpu/built-in.o
 .rodata.post_arm7_archs
                0xed0e0ff4       0x1c arch/arm/cpu/built-in.o
 .rodata.crbits
                0xed0e1010       0x6c arch/arm/cpu/built-in.o
                0xed0e107c                _etext = .
                0xed0e107c                . = ALIGN (0x4)

.data           0xed0e1080     0x1344
 *(.data*)
 .data.source_aliases
                0xed0e1080        0x8 common/built-in.o
 .data.reserved_list
                0xed0e1088       0x84 common/built-in.o
 .data.month_days
                0xed0e110c       0x30 common/built-in.o
 .data.default_environment_path
                0xed0e113c        0x4 common/built-in.o
                0xed0e113c                default_environment_path
 .data.block_ops
                0xed0e1140       0x28 common/built-in.o
                0xed0e1140                block_ops
 .data.av_      0xed0e1168      0x408 common/built-in.o
 .data.sbrk_base
                0xed0e1570        0x4 common/built-in.o
 .data.command_list
                0xed0e1574        0x8 common/built-in.o
                0xed0e1574                command_list
 .data.console_list
                0xed0e157c        0x8 common/built-in.o
                0xed0e157c                console_list
 .data.os_name  0xed0e1584       0x30 common/built-in.o
 .data.type_name
                0xed0e15b4       0x78 common/built-in.o
 .data.arch_name
                0xed0e162c       0xe4 common/built-in.o
 .data.comp_name
                0xed0e1710       0x30 common/built-in.o
 .data.default_env_dev
                0xed0e1740       0x74 common/built-in.o
 .data.default_env_platform_data
                0xed0e17b4        0x8 common/built-in.o
 .data.smc911x_driver
                0xed0e17bc       0x44 drivers/built-in.o
 .data.miidev_ops
                0xed0e1800       0x28 drivers/built-in.o
 .data.miidev_drv
                0xed0e1828       0x44 drivers/built-in.o
 .data.r_mobile_serial_driver
                0xed0e186c       0x44 drivers/built-in.o
 .data.ataops   0xed0e18b0        0x8 drivers/built-in.o
 .data.disk_driver
                0xed0e18b8       0x44 drivers/built-in.o
 .data.mci_driver
                0xed0e18fc       0x44 drivers/built-in.o
 .data.r_mobile_mmcif_driver
                0xed0e1940       0x44 drivers/built-in.o
 .data.r_mobile_sdhi_drv
                0xed0e1984       0x44 drivers/built-in.o
 .data.initrd_handler
                0xed0e19c8       0x1c commands/built-in.o
 .data.handler_list
                0xed0e19e4        0x8 commands/built-in.o
 .data.mem_dev_pdata
                0xed0e19ec        0x8 commands/built-in.o
 .data.zeroops  0xed0e19f4       0x28 commands/built-in.o
 .data.mem_dev  0xed0e1a1c       0x74 commands/built-in.o
 .data.mem_drv  0xed0e1a90       0x44 commands/built-in.o
 .data.memops   0xed0e1ad4       0x28 commands/built-in.o
 .data.edit_aliases
                0xed0e1afc        0x8 commands/built-in.o
 .data.test_options
                0xed0e1b04       0x3c commands/built-in.o
 .data.test_aliases
                0xed0e1b40        0x8 commands/built-in.o
 .data.help_aliases
                0xed0e1b48        0x8 commands/built-in.o
 .data._ctype   0xed0e1b50      0x100 lib/built-in.o
                0xed0e1b50                _ctype
 .data.device_list
                0xed0e1c50        0x8 lib/built-in.o
                0xed0e1c50                device_list
 .data.active   0xed0e1c58        0x8 lib/built-in.o
 .data.driver_list
                0xed0e1c60        0x8 lib/built-in.o
                0xed0e1c60                driver_list
 .data.platform_bus
                0xed0e1c68       0x18 lib/built-in.o
                0xed0e1c68                platform_bus
 .data.opterr   0xed0e1c80        0x4 lib/built-in.o
                0xed0e1c80                opterr
 .data.optind   0xed0e1c84        0x4 lib/built-in.o
                0xed0e1c84                optind
 .data.optindex
                0xed0e1c88        0x4 lib/built-in.o
 .data.cplext   0xed0e1c8c       0x7c lib/built-in.o
 .data.cplens   0xed0e1d08       0x7c lib/built-in.o
 .data.cpdist   0xed0e1d84       0x78 lib/built-in.o
 .data.fixed_left
                0xed0e1dfc        0x4 lib/built-in.o
 .data.cpdext   0xed0e1e00       0x78 lib/built-in.o
 .data.crc_table_empty
                0xed0e1e78        0x4 lib/built-in.o
 .data.hist_cur
                0xed0e1e7c        0x4 lib/built-in.o
 .data.netdev_list
                0xed0e1e80        0x8 net/built-in.o
 .data.connection_list
                0xed0e1e88        0x8 net/built-in.o
 .data.nfs_offset
                0xed0e1e90        0x4 net/built-in.o
 .data.cramfs_driver
                0xed0e1e94       0xa4 fs/built-in.o
 .data.ramfs_driver
                0xed0e1f38       0xa4 fs/built-in.o
 .data.cdev_list
                0xed0e1fdc        0x8 fs/built-in.o
                0xed0e1fdc                cdev_list
 .data.devfs_driver
                0xed0e1fe4       0xa4 fs/built-in.o
 .data.fat_driver
                0xed0e2088       0xa4 fs/built-in.o
 .data.fs_driver_list
                0xed0e212c        0x8 fs/built-in.o
 .data.kota_sram_pdata
                0xed0e2134        0x8 arch/arm/boards/kotaevm/built-in.o
 .data.r_mobile_mmcif_dev
                0xed0e213c       0x74 arch/arm/boards/kotaevm/built-in.o
 .data.kota_serial_device
                0xed0e21b0       0x74 arch/arm/boards/kotaevm/built-in.o
 .data.kota_sdram_dev
                0xed0e2224       0x74 arch/arm/boards/kotaevm/built-in.o
 .data.r_mobile_sdhi_dev
                0xed0e2298       0x74 arch/arm/boards/kotaevm/built-in.o
 .data.smsc911x_eth_dev
                0xed0e230c       0x74 arch/arm/boards/kotaevm/built-in.o
 .data.cs       0xed0e2380       0x20 arch/arm/mach-kotaevm/built-in.o
 .data.memory_list
                0xed0e23a0        0x8 arch/arm/lib/built-in.o
 .data.handler  0xed0e23a8       0x1c arch/arm/lib/built-in.o
                0xed0e23c4                . = ALIGN (0x4)

.got
 *(.got*)
                0xed0e23c4                . = .
                0xed0e23c4                __barebox_cmd_start = .

.barebox_cmd    0xed0e23c4      0x510
 *(SORT(.barebox_cmd*))
 .barebox_cmd_addpart
                0xed0e23c4       0x18 commands/built-in.o
                0xed0e23c4                __barebox_cmd_addpart
 .barebox_cmd_booti
                0xed0e23dc       0x18 commands/built-in.o
                0xed0e23dc                __barebox_cmd_booti
 .barebox_cmd_bootm
                0xed0e23f4       0x18 commands/built-in.o
                0xed0e23f4                __barebox_cmd_bootm
 .barebox_cmd_bootu
                0xed0e240c       0x18 arch/arm/lib/built-in.o
                0xed0e240c                __barebox_cmd_bootu
 .barebox_cmd_bootz
                0xed0e2424       0x18 arch/arm/lib/built-in.o
                0xed0e2424                __barebox_cmd_bootz
 .barebox_cmd_cat
                0xed0e243c       0x18 commands/built-in.o
                0xed0e243c                __barebox_cmd_cat
 .barebox_cmd_cd
                0xed0e2454       0x18 commands/built-in.o
                0xed0e2454                __barebox_cmd_cd
 .barebox_cmd_clear
                0xed0e246c       0x18 commands/built-in.o
                0xed0e246c                __barebox_cmd_clear
 .barebox_cmd_cp
                0xed0e2484       0x18 commands/built-in.o
                0xed0e2484                __barebox_cmd_cp
 .barebox_cmd_cpuinfo
                0xed0e249c       0x18 arch/arm/cpu/built-in.o
                0xed0e249c                __barebox_cmd_cpuinfo
 .barebox_cmd_crc32
                0xed0e24b4       0x18 commands/built-in.o
                0xed0e24b4                __barebox_cmd_crc32
 .barebox_cmd_delpart
                0xed0e24cc       0x18 commands/built-in.o
                0xed0e24cc                __barebox_cmd_delpart
 .barebox_cmd_devinfo
                0xed0e24e4       0x18 lib/built-in.o
                0xed0e24e4                __barebox_cmd_devinfo
 .barebox_cmd_dhcp
                0xed0e24fc       0x18 net/built-in.o
                0xed0e24fc                __barebox_cmd_dhcp
 .barebox_cmd_echo
                0xed0e2514       0x18 commands/built-in.o
                0xed0e2514                __barebox_cmd_echo
 .barebox_cmd_edit
                0xed0e252c       0x18 commands/built-in.o
                0xed0e252c                __barebox_cmd_edit
 .barebox_cmd_ethact
                0xed0e2544       0x18 commands/built-in.o
                0xed0e2544                __barebox_cmd_ethact
 .barebox_cmd_exit
                0xed0e255c       0x18 common/built-in.o
                0xed0e255c                __barebox_cmd_exit
 .barebox_cmd_export
                0xed0e2574       0x18 commands/built-in.o
                0xed0e2574                __barebox_cmd_export
 .barebox_cmd_false
                0xed0e258c       0x18 commands/built-in.o
                0xed0e258c                __barebox_cmd_false
 .barebox_cmd_get_disk
                0xed0e25a4       0x18 commands/built-in.o
                0xed0e25a4                __barebox_cmd_get_disk
 .barebox_cmd_get_partition
                0xed0e25bc       0x18 commands/built-in.o
                0xed0e25bc                __barebox_cmd_get_partition
 .barebox_cmd_getopt
                0xed0e25d4       0x18 common/built-in.o
                0xed0e25d4                __barebox_cmd_getopt
 .barebox_cmd_go
                0xed0e25ec       0x18 commands/built-in.o
                0xed0e25ec                __barebox_cmd_go
 .barebox_cmd_help
                0xed0e2604       0x18 commands/built-in.o
                0xed0e2604                __barebox_cmd_help
 .barebox_cmd_loadenv
                0xed0e261c       0x18 commands/built-in.o
                0xed0e261c                __barebox_cmd_loadenv
 .barebox_cmd_ls
                0xed0e2634       0x18 commands/built-in.o
                0xed0e2634                __barebox_cmd_ls
 .barebox_cmd_md
                0xed0e264c       0x18 commands/built-in.o
                0xed0e264c                __barebox_cmd_md
 .barebox_cmd_memcmp
                0xed0e2664       0x18 commands/built-in.o
                0xed0e2664                __barebox_cmd_memcmp
 .barebox_cmd_memcpy
                0xed0e267c       0x18 commands/built-in.o
                0xed0e267c                __barebox_cmd_memcpy
 .barebox_cmd_memset
                0xed0e2694       0x18 commands/built-in.o
                0xed0e2694                __barebox_cmd_memset
 .barebox_cmd_mkdir
                0xed0e26ac       0x18 commands/built-in.o
                0xed0e26ac                __barebox_cmd_mkdir
 .barebox_cmd_mount
                0xed0e26c4       0x18 commands/built-in.o
                0xed0e26c4                __barebox_cmd_mount
 .barebox_cmd_mw
                0xed0e26dc       0x18 commands/built-in.o
                0xed0e26dc                __barebox_cmd_mw
 .barebox_cmd_nfs
                0xed0e26f4       0x18 net/built-in.o
                0xed0e26f4                __barebox_cmd_nfs
 .barebox_cmd_ping
                0xed0e270c       0x18 net/built-in.o
                0xed0e270c                __barebox_cmd_ping
 .barebox_cmd_printenv
                0xed0e2724       0x18 commands/built-in.o
                0xed0e2724                __barebox_cmd_printenv
 .barebox_cmd_pwd
                0xed0e273c       0x18 commands/built-in.o
                0xed0e273c                __barebox_cmd_pwd
 .barebox_cmd_readline
                0xed0e2754       0x18 commands/built-in.o
                0xed0e2754                __barebox_cmd_readline
 .barebox_cmd_reset
                0xed0e276c       0x18 commands/built-in.o
                0xed0e276c                __barebox_cmd_reset
 .barebox_cmd_rm
                0xed0e2784       0x18 commands/built-in.o
                0xed0e2784                __barebox_cmd_rm
 .barebox_cmd_rmdir
                0xed0e279c       0x18 commands/built-in.o
                0xed0e279c                __barebox_cmd_rmdir
 .barebox_cmd_saveenv
                0xed0e27b4       0x18 commands/built-in.o
                0xed0e27b4                __barebox_cmd_saveenv
 .barebox_cmd_set_stbchrb2
                0xed0e27cc       0x18 commands/built-in.o
                0xed0e27cc                __barebox_cmd_set_stbchrb2
 .barebox_cmd_sh
                0xed0e27e4       0x18 common/built-in.o
                0xed0e27e4                __barebox_cmd_sh
 .barebox_cmd_sleep
                0xed0e27fc       0x18 commands/built-in.o
                0xed0e27fc                __barebox_cmd_sleep
 .barebox_cmd_source
                0xed0e2814       0x18 common/built-in.o
                0xed0e2814                __barebox_cmd_source
 .barebox_cmd_test
                0xed0e282c       0x18 commands/built-in.o
                0xed0e282c                __barebox_cmd_test
 .barebox_cmd_tftp
                0xed0e2844       0x18 net/built-in.o
                0xed0e2844                __barebox_cmd_tftp
 .barebox_cmd_time
                0xed0e285c       0x18 commands/built-in.o
                0xed0e285c                __barebox_cmd_time
 .barebox_cmd_timeout
                0xed0e2874       0x18 commands/built-in.o
                0xed0e2874                __barebox_cmd_timeout
 .barebox_cmd_true
                0xed0e288c       0x18 commands/built-in.o
                0xed0e288c                __barebox_cmd_true
 .barebox_cmd_umount
                0xed0e28a4       0x18 commands/built-in.o
                0xed0e28a4                __barebox_cmd_umount
 .barebox_cmd_version
                0xed0e28bc       0x18 commands/built-in.o
                0xed0e28bc                __barebox_cmd_version
                0xed0e28d4                __barebox_cmd_end = .
                0xed0e28d4                __barebox_initcalls_start = .

.barebox_initcalls
                0xed0e28d4       0x78
 *(.initcall.0)
 *(.initcall.1)
 .initcall.1    0xed0e28d4        0x4 arch/arm/mach-kotaevm/built-in.o
 .initcall.1    0xed0e28d8        0x4 arch/arm/lib/built-in.o
 *(.initcall.2)
 .initcall.2    0xed0e28dc        0x4 common/built-in.o
 .initcall.2    0xed0e28e0        0x4 lib/built-in.o
 .initcall.2    0xed0e28e4        0x4 net/built-in.o
 .initcall.2    0xed0e28e8        0x4 fs/built-in.o
 *(.initcall.3)
 .initcall.3    0xed0e28ec        0x4 drivers/built-in.o
 .initcall.3    0xed0e28f0        0x4 arch/arm/boards/kotaevm/built-in.o
 *(.initcall.4)
 .initcall.4    0xed0e28f4        0x4 arch/arm/mach-kotaevm/built-in.o
 *(.initcall.5)
 .initcall.5    0xed0e28f8        0xc fs/built-in.o
 .initcall.5    0xed0e2904        0x4 arch/arm/boards/kotaevm/built-in.o
 *(.initcall.6)
 .initcall.6    0xed0e2908        0x4 common/built-in.o
 *(.initcall.7)
 .initcall.7    0xed0e290c        0x8 common/built-in.o
 .initcall.7    0xed0e2914       0x18 drivers/built-in.o
 .initcall.7    0xed0e292c        0x8 commands/built-in.o
 .initcall.7    0xed0e2934        0x4 net/built-in.o
 .initcall.7    0xed0e2938        0x4 fs/built-in.o
 *(.initcall.8)
 .initcall.8    0xed0e293c        0x4 common/built-in.o
 .initcall.8    0xed0e2940        0x4 commands/built-in.o
 .initcall.8    0xed0e2944        0x4 arch/arm/boards/kotaevm/built-in.o
 .initcall.8    0xed0e2948        0x4 arch/arm/lib/built-in.o
                0xed0e294c                __barebox_initcalls_end = .
                0xed0e294c                __usymtab_start = .

__usymtab
 *(__usymtab)
                0xed0e294c                __usymtab_end = .
                0xed0e294c                . = ALIGN (0x4)
                0xed0e294c                __bss_start = .

.bss            0xed0e2950     0x67d4
 *(.bss*)
 .bss.prompt.2788
                0xed0e2950      0x420 common/built-in.o
 .bss.ifs       0xed0e2d70        0x4 common/built-in.o
 .bss.last_return_code
                0xed0e2d74        0x4 common/built-in.o
 .bss.map       0xed0e2d78      0x100 common/built-in.o
 .bss.buf.3469  0xed0e2e78       0x28 common/built-in.o
 .bss.the_command.2795
                0xed0e2ea0      0x400 common/built-in.o
 .bss.console_buffer
                0xed0e32a0      0x400 common/built-in.o
 .bss.tab_pressed
                0xed0e36a0        0x4 common/built-in.o
 .bss.out.2475  0xed0e36a4      0x100 common/built-in.o
 .bss.malloc_brk
                0xed0e37a4        0x4 common/built-in.o
 .bss.malloc_start
                0xed0e37a8        0x4 common/built-in.o
 .bss.malloc_end
                0xed0e37ac        0x4 common/built-in.o
 .bss.max_total_mem
                0xed0e37b0        0x4 common/built-in.o
 .bss.max_sbrked_mem
                0xed0e37b4        0x4 common/built-in.o
 .bss.current_mallinfo
                0xed0e37b8       0x28 common/built-in.o
 .bss.current_clock
                0xed0e37e0        0x4 common/built-in.o
 *fill*         0xed0e37e4        0x4 00
 .bss.time_ns   0xed0e37e8        0x8 common/built-in.o
 .bss.console_output_buffer
                0xed0e37f0        0x4 common/built-in.o
 .bss.console_input_buffer
                0xed0e37f4        0x4 common/built-in.o
 .bss.initialized
                0xed0e37f8        0x4 common/built-in.o
 .bss.context   0xed0e37fc        0x4 common/built-in.o
 .bss.errno     0xed0e3800        0x4 common/built-in.o
                0xed0e3800                errno
 .bss.errno_string.2092
                0xed0e3804        0xc common/built-in.o
 .bss.sector_buf
                0xed0e3810        0x4 drivers/built-in.o
 .bss.g_sd_error
                0xed0e3814        0x6 drivers/built-in.o
 *fill*         0xed0e381a        0x2 00
 .bss.g_wait_int
                0xed0e381c        0x6 drivers/built-in.o
 *fill*         0xed0e3822        0x2 00
 .bss.detect_waiting
                0xed0e3824        0x4 drivers/built-in.o
 .bss.boothdr   0xed0e3828      0x200 commands/built-in.o
 .bss.rw_buf    0xed0e3a28        0x4 commands/built-in.o
 .bss.lastscrline
                0xed0e3a2c        0x4 commands/built-in.o
 .bss.cursx     0xed0e3a30        0x4 commands/built-in.o
 .bss.cursy     0xed0e3a34        0x4 commands/built-in.o
 .bss.curline   0xed0e3a38        0x4 commands/built-in.o
 .bss.textx     0xed0e3a3c        0x4 commands/built-in.o
 .bss.smartscroll
                0xed0e3a40        0x4 commands/built-in.o
 .bss.lbuf.2436
                0xed0e3a44      0x400 commands/built-in.o
 .bss.scrline   0xed0e3e44        0x4 commands/built-in.o
 .bss.buffer    0xed0e3e48        0x4 commands/built-in.o
 .bss.scrcol    0xed0e3e4c        0x4 commands/built-in.o
 .bss.buf.2084  0xed0e3e50       0x14 lib/built-in.o
 .bss.___strtok
                0xed0e3e64        0x4 lib/built-in.o
                0xed0e3e64                ___strtok
 .bss.buf.2604  0xed0e3e68        0x8 lib/built-in.o
 .bss.optopt    0xed0e3e70        0x4 lib/built-in.o
                0xed0e3e70                optopt
 .bss.optarg    0xed0e3e74        0x4 lib/built-in.o
                0xed0e3e74                optarg
 .bss.nonopts   0xed0e3e78        0x4 lib/built-in.o
 .bss.local.2534
                0xed0e3e7c       0x18 lib/built-in.o
 .bss.str.2105  0xed0e3e94        0x4 lib/built-in.o
 .bss.fixed_built
                0xed0e3e98        0x4 lib/built-in.o
 .bss.fixed_lock
                0xed0e3e9c        0x4 lib/built-in.o
 .bss.fixed_mem
                0xed0e3ea0     0x1090 lib/built-in.o
 .bss.fixed_td  0xed0e4f30        0x4 lib/built-in.o
 .bss.fixed_bd  0xed0e4f34        0x4 lib/built-in.o
 .bss.fixed_tl  0xed0e4f38        0x4 lib/built-in.o
 .bss.fixed_bl  0xed0e4f3c        0x4 lib/built-in.o
 .bss.crc_table
                0xed0e4f40      0x400 lib/built-in.o
 .bss.hist_list
                0xed0e5340       0x50 lib/built-in.o
 .bss.hist_lines
                0xed0e5390     0x1400 lib/built-in.o
 .bss.hist_max  0xed0e6790        0x4 lib/built-in.o
 .bss.hist_add_idx
                0xed0e6794        0x4 lib/built-in.o
 .bss.hist_num  0xed0e6798        0x4 lib/built-in.o
 .bss.random_seed
                0xed0e679c        0x4 lib/built-in.o
 .bss.progress_max
                0xed0e67a0        0x4 lib/built-in.o
 .bss.spin      0xed0e67a4        0x4 lib/built-in.o
 .bss.printed   0xed0e67a8        0x4 lib/built-in.o
 .bss.dhcp_state
                0xed0e67ac        0x4 net/built-in.o
 .bss.net_dhcp_server_ip
                0xed0e67b0        0x4 net/built-in.o
 *fill*         0xed0e67b4        0x4 00
 .bss.dhcp_start
                0xed0e67b8        0x8 net/built-in.o
 .bss.dhcp_con  0xed0e67c0        0x4 net/built-in.o
 .bss.Bootp_id  0xed0e67c4        0x4 net/built-in.o
 .bss.dhcp_leasetime
                0xed0e67c8        0x4 net/built-in.o
 .bss.eth_current
                0xed0e67cc        0x4 net/built-in.o
 .bss.net_ip_id
                0xed0e67d0        0x4 net/built-in.o
 .bss.arp_wait_ip
                0xed0e67d4        0x4 net/built-in.o
 .bss.arp_packet.3070
                0xed0e67d8        0x4 net/built-in.o
 .bss.net_ip    0xed0e67dc        0x4 net/built-in.o
 .bss.NetRxPackets
                0xed0e67e0       0x10 net/built-in.o
                0xed0e67e0                NetRxPackets
 .bss.localport.3115
                0xed0e67f0        0x2 net/built-in.o
 *fill*         0xed0e67f2        0x2 00
 .bss.net_gateway
                0xed0e67f4        0x4 net/built-in.o
 .bss.net_serverip
                0xed0e67f8        0x4 net/built-in.o
 .bss.arp_ether
                0xed0e67fc        0x4 net/built-in.o
 .bss.net_ether
                0xed0e6800        0x8 net/built-in.o
 .bss.net_netmask
                0xed0e6808        0x4 net/built-in.o
 .bss.nfs_server_mount_port
                0xed0e680c        0x4 net/built-in.o
 .bss.nfs_filename
                0xed0e6810        0x4 net/built-in.o
 .bss.nfs_state
                0xed0e6814        0x4 net/built-in.o
 .bss.net_store_fd
                0xed0e6818        0x4 net/built-in.o
 .bss.dirfh     0xed0e681c       0x20 net/built-in.o
 .bss.rpc_id    0xed0e683c        0x4 net/built-in.o
 .bss.nfs_err   0xed0e6840        0x4 net/built-in.o
 .bss.nfs_server_nfs_port
                0xed0e6844        0x4 net/built-in.o
 .bss.nfs_path_buff
                0xed0e6848      0x800 net/built-in.o
 .bss.nfs_con   0xed0e7048        0x4 net/built-in.o
 .bss.filefh    0xed0e704c       0x20 net/built-in.o
 *fill*         0xed0e706c        0x4 00
 .bss.nfs_timer_start
                0xed0e7070        0x8 net/built-in.o
 .bss.nfs_path  0xed0e7078        0x4 net/built-in.o
 .bss.last_len.3049
                0xed0e707c        0x4 net/built-in.o
 .bss.tftp_con  0xed0e7080        0x4 net/built-in.o
 .bss.tftp_fd   0xed0e7084        0x4 net/built-in.o
 .bss.tftp_err  0xed0e7088        0x4 net/built-in.o
 .bss.tftp_size
                0xed0e708c        0x4 net/built-in.o
 .bss.tftp_last_block
                0xed0e7090        0x4 net/built-in.o
 .bss.tftp_block
                0xed0e7094        0x4 net/built-in.o
 .bss.tftp_server_port
                0xed0e7098        0x4 net/built-in.o
 *fill*         0xed0e709c        0x4 00
 .bss.tftp_timer_start
                0xed0e70a0        0x8 net/built-in.o
 .bss.tftp_state
                0xed0e70a8        0x4 net/built-in.o
 .bss.tftp_filename
                0xed0e70ac        0x4 net/built-in.o
 .bss.tftp_push
                0xed0e70b0        0x4 net/built-in.o
 .bss.ping_sequence_number
                0xed0e70b4        0x2 net/built-in.o
 *fill*         0xed0e70b6        0x2 00
 .bss.net_ping_ip
                0xed0e70b8        0x4 net/built-in.o
 .bss.ping_con  0xed0e70bc        0x4 net/built-in.o
 .bss.ping_state
                0xed0e70c0        0x4 net/built-in.o
 .bss.g_priv    0xed0e70c4        0x4 net/built-in.o
 .bss.cramfs_read_buf.2790
                0xed0e70c8     0x1000 fs/built-in.o
 .bss.stream    0xed0e80c8       0x34 fs/built-in.o
 .bss.buf.2405  0xed0e80fc        0x4 fs/built-in.o
 .bss.chunks    0xed0e8100        0x4 fs/built-in.o
 .bss.LfnBuf    0xed0e8104      0x200 fs/built-in.o
 .bss.mtab      0xed0e8304        0x4 fs/built-in.o
 .bss.files     0xed0e8308      0xe00 fs/built-in.o
 .bss.cwd       0xed0e9108        0x4 fs/built-in.o
 .bss.system_rev
                0xed0e910c        0x4 arch/arm/lib/built-in.o
 .bss.armlinux_architecture
                0xed0e9110        0x4 arch/arm/lib/built-in.o
 .bss.params    0xed0e9114        0x4 arch/arm/lib/built-in.o
 .bss.system_serial
                0xed0e9118        0x8 arch/arm/lib/built-in.o
 .bss.armlinux_bootparams
                0xed0e9120        0x4 arch/arm/lib/built-in.o
                0xed0e9124                __bss_stop = .
                0xed0e9124                _end = .
                0x0002164c                _barebox_image_size = (__bss_start - _text)
START GROUP
LOAD common/built-in.o
LOAD drivers/built-in.o
LOAD commands/built-in.o
LOAD lib/built-in.o
LOAD net/built-in.o
LOAD fs/built-in.o
LOAD arch/arm/boards/kotaevm/built-in.o
LOAD arch/arm/mach-kotaevm/built-in.o
LOAD arch/arm/lib/built-in.o
LOAD arch/arm/cpu/built-in.o
END GROUP
OUTPUT(barebox elf32-littlearm)

.comment        0x00000000      0x7f2
 .comment       0x00000000      0x120 common/built-in.o
 .comment       0x00000120       0x90 drivers/built-in.o
 .comment       0x000001b0      0x264 commands/built-in.o
 .comment       0x00000414      0x1f8 lib/built-in.o
 .comment       0x0000060c       0x7e net/built-in.o
 .comment       0x0000068a       0x90 fs/built-in.o
 .comment       0x0000071a       0x12 arch/arm/boards/kotaevm/built-in.o
 .comment       0x0000072c       0x24 arch/arm/mach-kotaevm/built-in.o
 .comment       0x00000750       0x6c arch/arm/lib/built-in.o
 .comment       0x000007bc       0x36 arch/arm/cpu/built-in.o

.debug_aranges  0x00000000     0x1f40
 .debug_aranges
                0x00000000      0x520 common/built-in.o
 .debug_aranges
                0x00000520      0x2f8 drivers/built-in.o
 .debug_aranges
                0x00000818      0x558 commands/built-in.o
 .debug_aranges
                0x00000d70      0x718 lib/built-in.o
 .debug_aranges
                0x00001488      0x2b8 net/built-in.o
 .debug_aranges
                0x00001740      0x5e0 fs/built-in.o
 .debug_aranges
                0x00001d20       0x38 arch/arm/boards/kotaevm/built-in.o
 .debug_aranges
                0x00001d58       0x50 arch/arm/mach-kotaevm/built-in.o
 .debug_aranges
                0x00001da8      0x108 arch/arm/lib/built-in.o
 .debug_aranges
                0x00001eb0       0x90 arch/arm/cpu/built-in.o

.debug_pubnames
                0x00000000     0x23a9
 .debug_pubnames
                0x00000000      0x6ae common/built-in.o
 .debug_pubnames
                0x000006ae      0x1aa drivers/built-in.o
 .debug_pubnames
                0x00000858      0x6f2 commands/built-in.o
 .debug_pubnames
                0x00000f4a      0xa53 lib/built-in.o
 .debug_pubnames
                0x0000199d      0x2fe net/built-in.o
 .debug_pubnames
                0x00001c9b      0x499 fs/built-in.o
 .debug_pubnames
                0x00002134       0x21 arch/arm/boards/kotaevm/built-in.o
 .debug_pubnames
                0x00002155       0x54 arch/arm/mach-kotaevm/built-in.o
 .debug_pubnames
                0x000021a9      0x128 arch/arm/lib/built-in.o
 .debug_pubnames
                0x000022d1       0xd8 arch/arm/cpu/built-in.o

.debug_info     0x00000000    0x36efb
 .debug_info    0x00000000     0x7e6a common/built-in.o
 .debug_info    0x00007e6a     0x8c17 drivers/built-in.o
 .debug_info    0x00010a81     0x871b commands/built-in.o
 .debug_info    0x0001919c     0x8885 lib/built-in.o
 .debug_info    0x00021a21     0x6d5b net/built-in.o
 .debug_info    0x0002877c     0xbea2 fs/built-in.o
 .debug_info    0x0003461e      0x467 arch/arm/boards/kotaevm/built-in.o
 .debug_info    0x00034a85      0x2b8 arch/arm/mach-kotaevm/built-in.o
 .debug_info    0x00034d3d     0x1bab arch/arm/lib/built-in.o
 .debug_info    0x000368e8      0x613 arch/arm/cpu/built-in.o

.debug_abbrev   0x00000000     0xc9d7
 .debug_abbrev  0x00000000     0x1e6d common/built-in.o
 .debug_abbrev  0x00001e6d     0x1718 drivers/built-in.o
 .debug_abbrev  0x00003585     0x2f48 commands/built-in.o
 .debug_abbrev  0x000064cd     0x2732 lib/built-in.o
 .debug_abbrev  0x00008bff     0x1777 net/built-in.o
 .debug_abbrev  0x0000a376     0x17f7 fs/built-in.o
 .debug_abbrev  0x0000bb6d      0x16a arch/arm/boards/kotaevm/built-in.o
 .debug_abbrev  0x0000bcd7      0x160 arch/arm/mach-kotaevm/built-in.o
 .debug_abbrev  0x0000be37      0x83e arch/arm/lib/built-in.o
 .debug_abbrev  0x0000c675      0x362 arch/arm/cpu/built-in.o

.debug_line     0x00000000     0xe188
 .debug_line    0x00000000     0x24a7 common/built-in.o
 .debug_line    0x000024a7     0x1f32 drivers/built-in.o
 .debug_line    0x000043d9     0x246d commands/built-in.o
 .debug_line    0x00006846     0x2ace lib/built-in.o
 .debug_line    0x00009314     0x19cb net/built-in.o
 .debug_line    0x0000acdf     0x2709 fs/built-in.o
 .debug_line    0x0000d3e8      0x17a arch/arm/boards/kotaevm/built-in.o
 .debug_line    0x0000d562      0x1cb arch/arm/mach-kotaevm/built-in.o
 .debug_line    0x0000d72d      0x721 arch/arm/lib/built-in.o
 .debug_line    0x0000de4e      0x33a arch/arm/cpu/built-in.o

.debug_frame    0x00000000     0x597c
 .debug_frame   0x00000000      0xfa4 common/built-in.o
 .debug_frame   0x00000fa4      0x8ec drivers/built-in.o
 .debug_frame   0x00001890      0xbe0 commands/built-in.o
 .debug_frame   0x00002470     0x129c lib/built-in.o
 .debug_frame   0x0000370c      0x944 net/built-in.o
 .debug_frame   0x00004050     0x1568 fs/built-in.o
 .debug_frame   0x000055b8       0x6c arch/arm/boards/kotaevm/built-in.o
 .debug_frame   0x00005624       0x78 arch/arm/mach-kotaevm/built-in.o
 .debug_frame   0x0000569c      0x1fc arch/arm/lib/built-in.o
 .debug_frame   0x00005898       0xe4 arch/arm/cpu/built-in.o

.debug_str      0x00000000     0x82f8
 .debug_str     0x00000000     0x1a63 common/built-in.o
                               0x35c7 (size before relaxing)
 .debug_str     0x00001a63     0x1120 drivers/built-in.o
                               0x2885 (size before relaxing)
 .debug_str     0x00002b83     0x2243 commands/built-in.o
                               0x5c8b (size before relaxing)
 .debug_str     0x00004dc6      0xff2 lib/built-in.o
                               0x3af7 (size before relaxing)
 .debug_str     0x00005db8      0xde6 net/built-in.o
                               0x2747 (size before relaxing)
 .debug_str     0x00006b9e      0xed0 fs/built-in.o
                               0x324e (size before relaxing)
 .debug_str     0x00007a6e      0x13b arch/arm/boards/kotaevm/built-in.o
                                0x348 (size before relaxing)
 .debug_str     0x00007ba9       0xed arch/arm/mach-kotaevm/built-in.o
                                0x34b (size before relaxing)
 .debug_str     0x00007c96      0x52d arch/arm/lib/built-in.o
                               0x10ed (size before relaxing)
 .debug_str     0x000081c3      0x135 arch/arm/cpu/built-in.o
                                0x4c9 (size before relaxing)

.debug_loc      0x00000000    0x18009
 .debug_loc     0x00000000     0x4222 common/built-in.o
 .debug_loc     0x00004222     0x2209 drivers/built-in.o
 .debug_loc     0x0000642b     0x3765 commands/built-in.o
 .debug_loc     0x00009b90     0x5bd6 lib/built-in.o
 .debug_loc     0x0000f766     0x24b5 net/built-in.o
 .debug_loc     0x00011c1b     0x5d54 fs/built-in.o
 .debug_loc     0x0001796f       0x4c arch/arm/boards/kotaevm/built-in.o
 .debug_loc     0x000179bb       0x53 arch/arm/mach-kotaevm/built-in.o
 .debug_loc     0x00017a0e      0x459 arch/arm/lib/built-in.o
 .debug_loc     0x00017e67      0x1a2 arch/arm/cpu/built-in.o

.debug_ranges   0x00000000     0x5568
 .debug_ranges  0x00000000      0xbb8 common/built-in.o
 .debug_ranges  0x00000bb8     0x1010 drivers/built-in.o
 .debug_ranges  0x00001bc8      0x818 commands/built-in.o
 .debug_ranges  0x000023e0      0xed8 lib/built-in.o
 .debug_ranges  0x000032b8      0xc00 net/built-in.o
 .debug_ranges  0x00003eb8     0x1230 fs/built-in.o
 .debug_ranges  0x000050e8       0x28 arch/arm/boards/kotaevm/built-in.o
 .debug_ranges  0x00005110       0x90 arch/arm/mach-kotaevm/built-in.o
 .debug_ranges  0x000051a0      0x368 arch/arm/lib/built-in.o
 .debug_ranges  0x00005508       0x60 arch/arm/cpu/built-in.o

.ARM.attributes
                0x00000000       0x2b
 .ARM.attributes
                0x00000000       0x2b common/built-in.o
 .ARM.attributes
                0x0000002b       0x2b drivers/built-in.o
 .ARM.attributes
                0x00000056       0x2b commands/built-in.o
 .ARM.attributes
                0x00000081       0x2b lib/built-in.o
 .ARM.attributes
                0x000000ac       0x2b net/built-in.o
 .ARM.attributes
                0x000000d7       0x2b fs/built-in.o
 .ARM.attributes
                0x00000102       0x29 arch/arm/boards/kotaevm/built-in.o
 .ARM.attributes
                0x0000012b       0x2b arch/arm/mach-kotaevm/built-in.o
 .ARM.attributes
                0x00000156       0x2b arch/arm/lib/built-in.o